Microchip MPLAB XC8 Compiler V1.33 ()

Linker command line:

--edf=C:\Program Files (x86)\Microchip\xc8\v1.33\dat\en_msgs.txt -cs \
  -h+dist/default/production\Read_Write_OK_SPI_PIC18F4515.X.production.sym \
  --cmf=dist/default/production\Read_Write_OK_SPI_PIC18F4515.X.production.cmf \
  -z -Q18F4515 -oC:\Users\Ankit\AppData\Local\Temp\s5p8.6 \
  -Mdist/default/production/Read_Write_OK_SPI_PIC18F4515.X.production.map \
  -E1 -ver=XC8 -ASTACK=080h-09ffh -pstack=STACK -ACODE=00h-0BFFFh \
  -ACONST=00h-0BFFFh -ASMALLCONST=01000h-010FFhx176 \
  -AMEDIUMCONST=01000h-0BFFFh -ACOMRAM=01h-07Fh -AABS1=00h-0F7Fh \
  -ABIGRAM=01h-0F7Fh -ARAM=080h-0FFh,0100h-01FFhx14,0F00h-0F7Fh \
  -ABANK0=080h-0FFh -ABANK1=0100h-01FFh -ABANK2=0200h-02FFh \
  -ABANK3=0300h-03FFh -ABANK4=0400h-04FFh -ABANK5=0500h-05FFh \
  -ABANK6=0600h-06FFh -ABANK7=0700h-07FFh -ABANK8=0800h-08FFh \
  -ABANK9=0900h-09FFh -ABANK10=0A00h-0AFFh -ABANK11=0B00h-0BFFh \
  -ABANK12=0C00h-0CFFh -ABANK13=0D00h-0DFFh -ABANK14=0E00h-0EFFh \
  -ABANK15=0F00h-0F7Fh -ASFR=0F80h-0FFFh \
  -preset_vec=00h,intcode,intcodelo,powerup,init,end_init -pramtop=01000h \
  -psmallconst=SMALLCONST -pmediumconst=MEDIUMCONST -pconst=CONST \
  -AFARRAM=00h-00h -ACONFIG=0300000h-030000Dh -pconfig=CONFIG \
  -AIDLOC=0200000h-0200007h -pidloc=IDLOC \
  -prdata=COMRAM,nvrram=COMRAM,nvbit=COMRAM,rbss=COMRAM,rbit=COMRAM \
  -pfarbss=FARRAM,fardata=FARRAM,nvFARRAM=FARRAM \
  -pintsave_regs=BIGRAM,bigbss=BIGRAM,bigdata=BIGRAM -pbss=RAM \
  -pidata=CODE,irdata=CODE,ibigdata=CODE,ifardata=CODE \
  C:\Users\Ankit\AppData\Local\Temp\s5p8.obj \
  dist/default/production\Read_Write_OK_SPI_PIC18F4515.X.production.obj 

Object code version is 3.11

Machine type is 18F4515

Call graph: (short form)




                Name                               Link     Load   Length Selector   Space Scale
C:\Users\Ankit\AppData\Local\Temp\s5p8.obj
                end_init                              0        0        4        0       0
                idloc                            200000   200000        8   200000       0
                config                           300000   300000        E   300000       0
dist/default/production\Read_Write_OK_SPI_PIC18F4515.X.production.obj
                smallconst                         1000     1000       76      800       0
                text21                             1ABE     1ABE       12      83B       0
                text20                             1A5A     1A5A       1E      83B       0
                text19                             18AA     18AA       56      83B       0
                text18                             1AA8     1AA8       16      83B       0
                text17                             1994     1994       3E      83B       0
                text16                             1A0A     1A0A       32      83B       0
                text15                             1A3C     1A3C       1E      83B       0
                text14                             17A8     17A8       82      83B       0
                text13                             1A90     1A90       18      83B       0
                text12                             1A78     1A78       18      83B       0
                text11                             1900     1900       4E      83B       0
                text10                             19D2     19D2       38      83B       0
                text9                              15C0     15C0       AE      83B       0
                text8                              166E     166E       A8      83B       0
                text7                              1076     1076      1EE      83B       0
                text6                              1AE2     1AE2       10      D71       0
                text5                              182A     182A       80      83B       0
                text4                              14FE     14FE       C2      83B       0
                text3                              1716     1716       92      83B       0
                text2                              13F0     13F0      10E      83B       0
                text1                              1AF2     1AF2        E      D71       0
                text0                              1264     1264      18C      83B       0
                cstackCOMRAM                          1        1       44        1       1
                bssBIGRAM                           B52      B52      42E      B52       1
                dataCOMRAM                           6A       6A       11        1       1
                bssCOMRAM                            45       45       25        1       1
                cinit                              194E     194E       46      83B       0
                idataCOMRAM                        1AD0     1AD0       11      83B       0

TOTAL           Name                               Link     Load   Length     Space
        CLASS   STACK          

        CLASS   CODE           
                end_init                              0        0        4         0
                text21                             1ABE     1ABE       12         0
                text20                             1A5A     1A5A       1E         0
                text19                             18AA     18AA       56         0
                text18                             1AA8     1AA8       16         0
                text17                             1994     1994       3E         0
                text16                             1A0A     1A0A       32         0
                text15                             1A3C     1A3C       1E         0
                text14                             17A8     17A8       82         0
                text13                             1A90     1A90       18         0
                text12                             1A78     1A78       18         0
                text11                             1900     1900       4E         0
                text10                             19D2     19D2       38         0
                text9                              15C0     15C0       AE         0
                text8                              166E     166E       A8         0
                text7                              1076     1076      1EE         0
                text6                              1AE2     1AE2       10         0
                text5                              182A     182A       80         0
                text4                              14FE     14FE       C2         0
                text3                              1716     1716       92         0
                text2                              13F0     13F0      10E         0
                text1                              1AF2     1AF2        E         0
                text0                              1264     1264      18C         0
                cinit                              194E     194E       46         0
                idataCOMRAM                        1AD0     1AD0       11         0

        CLASS   CONST          

        CLASS   SMALLCONST     
                smallconst                         1000     1000       76         0

        CLASS   MEDIUMCONST    

        CLASS   COMRAM         
                cstackCOMRAM                          1        1       44         1
                dataCOMRAM                           6A       6A       11         1
                bssCOMRAM                            45       45       25         1

        CLASS   ABS1           

        CLASS   BIGRAM         
                bssBIGRAM                           B52      B52      42E         1

        CLASS   RAM            

        CLASS   BANK0          

        CLASS   BANK1          

        CLASS   BANK2          

        CLASS   BANK3          

        CLASS   BANK4          

        CLASS   BANK5          

        CLASS   BANK6          

        CLASS   BANK7          

        CLASS   BANK8          

        CLASS   BANK9          

        CLASS   BANK10         

        CLASS   BANK11         

        CLASS   BANK12         

        CLASS   BANK13         

        CLASS   BANK14         

        CLASS   BANK15         

        CLASS   SFR            

        CLASS   FARRAM         

        CLASS   CONFIG         
                config                           300000   300000        E         0

        CLASS   IDLOC          
                idloc                            200000   200000        8         0



SEGMENTS        Name                           Load    Length   Top    Selector   Space  Class

                reset_vec                      000000  000004  000004         0       0  CODE    
                cstackCOMRAM                   000001  00007A  00007B         1       1  COMRAM  
                bssBIGRAM                      000B52  00042E  000F80       B52       1  BIGRAM  
                smallconst                     001000  000076  001076       800       0  SMALLCON
                text7                          001076  000A6B  001AE1       83B       0  CODE    
                text6                          001AE2  00001E  001B00       D71       0  CODE    
                idloc                          200000  000008  200008    200000       0  IDLOC   
                config                         300000  00000E  30000E    300000       0  CONFIG  


UNUSED ADDRESS RANGES

        Name                Unused          Largest block    Delta
        BANK0            000080-0000FF               80
        BANK1            000100-0001FF              100
        BANK10           000A00-000AFF              100
        BANK11           000B00-000B51               52
        BANK2            000200-0002FF              100
        BANK3            000300-0003FF              100
        BANK4            000400-0004FF              100
        BANK5            000500-0005FF              100
        BANK6            000600-0006FF              100
        BANK7            000700-0007FF              100
        BANK8            000800-0008FF              100
        BANK9            000900-0009FF              100
        BIGRAM           00007B-000B51              AD7
        CODE             000004-000FFF              FFC
                         001AE1-001AE1                1
                         001B00-00BFFF             A500
        COMRAM           00007B-00007F                5
        CONST            000004-000FFF              FFC
                         001AE1-001AE1                1
                         001B00-00BFFF             A500
        MEDIUMCONST      001AE1-001AE1                1
                         001B00-00BFFF             A500
        RAM              000080-000B51              100
        SFR              000F80-000FFF               80
        SMALLCONST       001AE1-001AE1                1
                         001B00-00BFFF              100
        STACK            000080-0009FF              980

                                  Symbol Table

?_rcvr_datablock          cstackCOMRAM 000006
?_select                  cstackCOMRAM 00000B
?_wait_ready              cstackCOMRAM 000006
?_xmit_datablock          cstackCOMRAM 00000B
LCD_cur@col               cstackCOMRAM 000009
LCD_cur@row               cstackCOMRAM 00000A
LCD_delay@x               cstackCOMRAM 000001
LCD_func@cmd              cstackCOMRAM 000003
LCD_func@data             cstackCOMRAM 000008
LCD_string@ptr            cstackCOMRAM 000009
_CardType                 bssCOMRAM    000069
_FatFs                    bssBIGRAM    000B52
_Fsid                     bssCOMRAM    000065
_LCD_cur                  text18       001AA8
_LCD_delay                text21       001ABE
_LCD_enable               text20       001A5A
_LCD_func                 text19       0018AA
_LCD_func$36              cstackCOMRAM 000006
_LCD_init                 text17       001994
_LCD_string               text16       001A0A
_PORTC                    (abs)        000F82
_PORTD                    (abs)        000F83
_Stat                     dataCOMRAM   00007A
_TRISB                    (abs)        000F93
_TRISC                    (abs)        000F94
_TRISD                    (abs)        000F95
__HRAM                    (abs)        000000
__Habs1                   abs1         000000
__Hbank0                  bank0        000000
__Hbank1                  bank1        000000
__Hbank10                 bank10       000000
__Hbank11                 bank11       000000
__Hbank12                 bank12       000000
__Hbank13                 bank13       000000
__Hbank14                 bank14       000000
__Hbank15                 bank15       000000
__Hbank2                  bank2        000000
__Hbank3                  bank3        000000
__Hbank4                  bank4        000000
__Hbank5                  bank5        000000
__Hbank6                  bank6        000000
__Hbank7                  bank7        000000
__Hbank8                  bank8        000000
__Hbank9                  bank9        000000
__Hbigbss                 bigbss       000000
__Hbigdata                bigdata      000000
__Hbigram                 bigram       000000
__Hbss                    bss          000000
__HbssBIGRAM              bssBIGRAM    000000
__HbssCOMRAM              bssCOMRAM    000000
__Hcinit                  cinit        000000
__Hclrtext                clrtext      000000
__Hcomram                 comram       000000
__Hconfig                 config       30000E
__Hconst                  const        000000
__HcstackCOMRAM           cstackCOMRAM 000000
__Hdata                   data         000000
__HdataCOMRAM             dataCOMRAM   000000
__Hend_init               end_init     000004
__Hfarbss                 farbss       000000
__Hfardata                fardata      000000
__Hibigdata               ibigdata     000000
__Hidata                  idata        000000
__HidataCOMRAM            idataCOMRAM  000000
__Hidloc                  idloc        200008
__Hifardata               ifardata     000000
__Hinit                   init         000000
__Hintcode                intcode      000000
__Hintcode_body           intcode_body 000000
__Hintcodelo              intcodelo    000000
__Hintentry               intentry     000000
__Hintret                 intret       000000
__Hintsave_regs           intsave_regs 000000
__Hirdata                 irdata       000000
__Hmediumconst            mediumconst  000000
__HnvFARRAM               nvFARRAM     000000
__Hnvbit                  nvbit        000000
__Hnvrram                 nvrram       000000
__Hparam                  rparam       000000
__Hpowerup                powerup      000000
__Hram                    ram          000000
__Hramtop                 ramtop       001000
__Hrbit                   rbit         000000
__Hrbss                   rbss         000000
__Hrdata                  rdata        000000
__Hreset_vec              reset_vec    000000
__Hrparam                 rparam       000000
__Hsfr                    sfr          000000
__Hsmallconst             smallconst   001076
__Hspace_0                (abs)        30000E
__Hspace_1                (abs)        000F80
__Hspace_2                (abs)        000000
__Hstack                  stack        000000
__Hstruct                 struct       000000
__Htemp                   temp         000000
__Htext                   text         000000
__Htext0                  text0        000000
__Htext1                  text1        000000
__Htext10                 text10       000000
__Htext11                 text11       000000
__Htext12                 text12       000000
__Htext13                 text13       000000
__Htext14                 text14       000000
__Htext15                 text15       000000
__Htext16                 text16       000000
__Htext17                 text17       000000
__Htext18                 text18       000000
__Htext19                 text19       000000
__Htext2                  text2        000000
__Htext20                 text20       000000
__Htext21                 text21       000000
__Htext3                  text3        000000
__Htext4                  text4        000000
__Htext5                  text5        000000
__Htext6                  text6        000000
__Htext7                  text7        000000
__Htext8                  text8        000000
__Htext9                  text9        000000
__LRAM                    (abs)        000001
__Labs1                   abs1         000000
__Lbank0                  bank0        000000
__Lbank1                  bank1        000000
__Lbank10                 bank10       000000
__Lbank11                 bank11       000000
__Lbank12                 bank12       000000
__Lbank13                 bank13       000000
__Lbank14                 bank14       000000
__Lbank15                 bank15       000000
__Lbank2                  bank2        000000
__Lbank3                  bank3        000000
__Lbank4                  bank4        000000
__Lbank5                  bank5        000000
__Lbank6                  bank6        000000
__Lbank7                  bank7        000000
__Lbank8                  bank8        000000
__Lbank9                  bank9        000000
__Lbigbss                 bigbss       000000
__Lbigdata                bigdata      000000
__Lbigram                 bigram       000000
__Lbss                    bss          000000
__LbssBIGRAM              bssBIGRAM    000000
__LbssCOMRAM              bssCOMRAM    000000
__Lcinit                  cinit        000000
__Lclrtext                clrtext      000000
__Lcomram                 comram       000000
__Lconfig                 config       300000
__Lconst                  const        000000
__LcstackCOMRAM           cstackCOMRAM 000000
__Ldata                   data         000000
__LdataCOMRAM             dataCOMRAM   000000
__Lend_init               end_init     000000
__Lfarbss                 farbss       000000
__Lfardata                fardata      000000
__Libigdata               ibigdata     000000
__Lidata                  idata        000000
__LidataCOMRAM            idataCOMRAM  000000
__Lidloc                  idloc        200000
__Lifardata               ifardata     000000
__Linit                   init         000000
__Lintcode                intcode      000000
__Lintcode_body           intcode_body 000000
__Lintcodelo              intcodelo    000000
__Lintentry               intentry     000000
__Lintret                 intret       000000
__Lintsave_regs           intsave_regs 000000
__Lirdata                 irdata       000000
__Lmediumconst            mediumconst  000000
__LnvFARRAM               nvFARRAM     000000
__Lnvbit                  nvbit        000000
__Lnvrram                 nvrram       000000
__Lparam                  rparam       000000
__Lpowerup                powerup      000000
__Lram                    ram          000000
__Lramtop                 ramtop       001000
__Lrbit                   rbit         000000
__Lrbss                   rbss         000000
__Lrdata                  rdata        000000
__Lreset_vec              reset_vec    000000
__Lrparam                 rparam       000000
__Lsfr                    sfr          000000
__Lsmallconst             smallconst   001000
__Lspace_0                (abs)        000000
__Lspace_1                (abs)        000000
__Lspace_2                (abs)        000000
__Lstack                  stack        000000
__Lstruct                 struct       000000
__Ltemp                   temp         000000
__Ltext                   text         000000
__Ltext0                  text0        000000
__Ltext1                  text1        000000
__Ltext10                 text10       000000
__Ltext11                 text11       000000
__Ltext12                 text12       000000
__Ltext13                 text13       000000
__Ltext14                 text14       000000
__Ltext15                 text15       000000
__Ltext16                 text16       000000
__Ltext17                 text17       000000
__Ltext18                 text18       000000
__Ltext19                 text19       000000
__Ltext2                  text2        000000
__Ltext20                 text20       000000
__Ltext21                 text21       000000
__Ltext3                  text3        000000
__Ltext4                  text4        000000
__Ltext5                  text5        000000
__Ltext6                  text6        000000
__Ltext7                  text7        000000
__Ltext8                  text8        000000
__Ltext9                  text9        000000
__S0                      (abs)        30000E
__S1                      (abs)        000F80
__S2                      (abs)        000000
___inthi_sp               stack        000000
___intlo_sp               stack        000000
___sp                     stack        000000
__accesstop               (abs)        000080
__activetblptr            (abs)        000003
__end_of_LCD_cur          text18       001ABE
__end_of_LCD_delay        text21       001AD0
__end_of_LCD_enable       text20       001A78
__end_of_LCD_func         text19       001900
__end_of_LCD_init         text17       0019D2
__end_of_LCD_string       text16       001A3C
__end_of__initialization  cinit        00198E
__end_of__stringdata      smallconst   001074
__end_of_delaymain        text15       001A5A
__end_of_deselect         text13       001AA8
__end_of_disk_initialize  text7        001264
__end_of_disk_read        text4        0015C0
__end_of_disk_status      text6        001AF2
__end_of_disk_write       text2        0014FE
__end_of_dly_us           text12       001A90
__end_of_init             text1        001B00
__end_of_main             text0        0013F0
__end_of_rcvr_datablock   text5        0018AA
__end_of_rcvr_mmc         text14       00182A
__end_of_select           text10       001A0A
__end_of_send_cmd         text8        001716
__end_of_wait_ready       text11       00194E
__end_of_xmit_datablock   text3        0017A8
__end_of_xmit_mmc         text9        00166E
__initialization          cinit        00194E
__mediumconst             mediumconst  000000
__pbssBIGRAM              bssBIGRAM    000B52
__pbssCOMRAM              bssCOMRAM    000045
__pcinit                  cinit        00194E
__pcstackCOMRAM           cstackCOMRAM 000001
__pdataCOMRAM             dataCOMRAM   00006A
__pidataCOMRAM            idataCOMRAM  001AD0
__psmallconst             smallconst   001000
__ptext0                  text0        001264
__ptext1                  text1        001AF2
__ptext10                 text10       0019D2
__ptext11                 text11       001900
__ptext12                 text12       001A78
__ptext13                 text13       001A90
__ptext14                 text14       0017A8
__ptext15                 text15       001A3C
__ptext16                 text16       001A0A
__ptext17                 text17       001994
__ptext18                 text18       001AA8
__ptext19                 text19       0018AA
__ptext2                  text2        0013F0
__ptext20                 text20       001A5A
__ptext21                 text21       001ABE
__ptext3                  text3        001716
__ptext4                  text4        0014FE
__ptext5                  text5        00182A
__ptext6                  text6        001AE2
__ptext7                  text7        001076
__ptext8                  text8        00166E
__ptext9                  text9        0015C0
__ramtop                  ramtop       001000
__size_of_LCD_cur         (abs)        000000
__size_of_LCD_delay       (abs)        000000
__size_of_LCD_enable      (abs)        000000
__size_of_LCD_func        (abs)        000000
__size_of_LCD_init        (abs)        000000
__size_of_LCD_string      (abs)        000000
__size_of_delaymain       (abs)        000000
__size_of_deselect        (abs)        000000
__size_of_disk_initialize (abs)        000000
__size_of_disk_read       (abs)        000000
__size_of_disk_status     (abs)        000000
__size_of_disk_write      (abs)        000000
__size_of_dly_us          (abs)        000000
__size_of_init            (abs)        000000
__size_of_main            (abs)        000000
__size_of_rcvr_datablock  (abs)        000000
__size_of_rcvr_mmc        (abs)        000000
__size_of_select          (abs)        000000
__size_of_send_cmd        (abs)        000000
__size_of_wait_ready      (abs)        000000
__size_of_xmit_datablock  (abs)        000000
__size_of_xmit_mmc        (abs)        000000
__smallconst              smallconst   001000
__stringdata              smallconst   001001
_buffer                   bssBIGRAM    000D80
_delaymain                text15       001A3C
_deselect                 text13       001A90
_disk_initialize          text7        001076
_disk_initialize$227      cstackCOMRAM 00001D
_disk_read                text4        0014FE
_disk_read$235            cstackCOMRAM 000025
_disk_status              text6        001AE2
_disk_write               text2        0013F0
_dly_us                   text12       001A78
_fp                       bssCOMRAM    000045
_init                     text1        001AF2
_main                     text0        001264
_rcvr_datablock           text5        00182A
_rcvr_mmc                 text14       0017A8
_select                   text10       0019D2
_send_cmd                 text8        00166E
_wait_ready               text11       001900
_xmit_datablock           text3        001716
_xmit_mmc                 text9        0015C0
delaymain@x               cstackCOMRAM 000001
deselect@d                cstackCOMRAM 000006
disk_initialize@buf       cstackCOMRAM 00001F
disk_initialize@cmd       cstackCOMRAM 000024
disk_initialize@drv       cstackCOMRAM 00001C
disk_initialize@n         cstackCOMRAM 000023
disk_initialize@s         cstackCOMRAM 000025
disk_initialize@tmr       cstackCOMRAM 000027
disk_initialize@ty        cstackCOMRAM 000026
disk_read@buff            cstackCOMRAM 00001B
disk_read@cmd             cstackCOMRAM 000027
disk_read@count           cstackCOMRAM 000021
disk_read@drv             cstackCOMRAM 000024
disk_read@sector          cstackCOMRAM 00001D
disk_status@drv           cstackCOMRAM 000001
disk_write@buff           cstackCOMRAM 00001B
disk_write@count          cstackCOMRAM 000021
disk_write@drv            cstackCOMRAM 000024
disk_write@sector         cstackCOMRAM 00001D
dly_us@n                  cstackCOMRAM 000001
dly_us@tem                cstackCOMRAM 000003
end_of_initialization     cinit        00198E
ff@FatFs                  bssCOMRAM    000067
intlevel0                 text         000000
intlevel1                 text         000000
intlevel2                 text         000000
intlevel3                 text         000000
main@F3715                dataCOMRAM   00006A
main@cnt                  cstackCOMRAM 00003E
main@i                    cstackCOMRAM 000042
main@mytext               cstackCOMRAM 00002E
main@status               cstackCOMRAM 000044
main@timeout              cstackCOMRAM 000040
rcvr_datablock@btr        cstackCOMRAM 000008
rcvr_datablock@buff       cstackCOMRAM 000006
rcvr_datablock@d          cstackCOMRAM 00000C
rcvr_datablock@tmr        cstackCOMRAM 00000A
rcvr_mmc@bc               cstackCOMRAM 000003
rcvr_mmc@buff             cstackCOMRAM 000001
rcvr_mmc@r                cstackCOMRAM 000005
select@d                  cstackCOMRAM 00000D
send_cmd@arg              cstackCOMRAM 00000E
send_cmd@buf              cstackCOMRAM 000012
send_cmd@cmd              cstackCOMRAM 00001A
send_cmd@d                cstackCOMRAM 000019
send_cmd@n                cstackCOMRAM 000018
stackhi                   (abs)        0009FF
stacklo                   (abs)        000080
start                     init         000000
start_initialization      cinit        00194E
wait_ready@d              cstackCOMRAM 00000A
wait_ready@tmr            cstackCOMRAM 000008
xmit_datablock@buff       cstackCOMRAM 00000B
xmit_datablock@d          cstackCOMRAM 000010
xmit_datablock@token      cstackCOMRAM 00000E
xmit_mmc@bc               cstackCOMRAM 000004
xmit_mmc@buff             cstackCOMRAM 000001
xmit_mmc@d                cstackCOMRAM 000006


FUNCTION INFORMATION:

 *************** function _main *****************
 Defined at:
		line 43 in file "main.c"
 Parameters:    Size  Location     Type
  argc            2   40[COMRAM] int 
  argv            3   42[COMRAM] PTR PTR unsigned char 
 Auto vars:     Size  Location     Type
  i               2   65[COMRAM] int 
  mytext         16   45[COMRAM] unsigned char [16]
  ptr             3    0        PTR unsigned char 
  timeout         2   63[COMRAM] unsigned int 
  cnt             2   61[COMRAM] unsigned int 
  ret             2    0        unsigned int 
  status          1   67[COMRAM] unsigned char 
  chck            1    0        unsigned char 
 Return value:  Size  Location     Type
                  2   40[COMRAM] int 
 Registers used:
		wreg, fsr0l, fsr0h, fsr1l, fsr1h, fsr2l, fsr2h, status,2, status,0, tblptrl, tblptrh, tblptru, cstack
 Tracked objects:
		On entry : 
		On exit  : 
		Unchanged: 
 Data sizes:     COMRAM   BANK0   BANK1   BANK2   BANK3   BANK4   BANK5   BANK6   BANK7   BANK8   BANK9  BANK10  BANK11  BANK12  BANK13  BANK14  BANK15
      Params:         5       0       0       0       0       0       0       0       0       0       0       0       0       0       0       0       0
      Locals:        23       0       0       0       0       0       0       0       0       0       0       0       0       0       0       0       0
      Temps:          0       0       0       0       0       0       0       0       0       0       0       0       0       0       0       0       0
      Totals:        28       0       0       0       0       0       0       0       0       0       0       0       0       0       0       0       0
Total ram usage:       28 bytes
 Hardware stack levels required when called:    5
 This function calls:
		_LCD_cur
		_LCD_init
		_LCD_string
		_delaymain
		_disk_initialize
		_disk_read
		_disk_write
		_init
 This function is called by:
		Startup code after reset
 This function uses a non-reentrant model


 *************** function _init *****************
 Defined at:
		line 34 in file "main.c"
 Parameters:    Size  Location     Type
		None
 Auto vars:     Size  Location     Type
		None
 Return value:  Size  Location     Type
		None               void
 Registers used:
		wreg, status,2
 Tracked objects:
		On entry : 
		On exit  : 
		Unchanged: 
 Data sizes:     COMRAM   BANK0   BANK1   BANK2   BANK3   BANK4   BANK5   BANK6   BANK7   BANK8   BANK9  BANK10  BANK11  BANK12  BANK13  BANK14  BANK15
      Params:         0       0       0       0       0       0       0       0       0       0       0       0       0       0       0       0       0
      Locals:         0       0       0       0       0       0       0       0       0       0       0       0       0       0       0       0       0
      Temps:          0       0       0       0       0       0       0       0       0       0       0       0       0       0       0       0       0
      Totals:         0       0       0       0       0       0       0       0       0       0       0       0       0       0       0       0       0
Total ram usage:        0 bytes
 Hardware stack levels used:    1
 This function calls:
		Nothing
 This function is called by:
		_main
 This function uses a non-reentrant model


 *************** function _disk_write *****************
 Defined at:
		line 489 in file "sdmm.c"
 Parameters:    Size  Location     Type
  drv             1    wreg     unsigned char 
  buff            2   26[COMRAM] PTR const unsigned char 
		 -> NULL(0), buffer(512), 
  sector          4   28[COMRAM] unsigned long 
  count           2   32[COMRAM] unsigned int 
 Auto vars:     Size  Location     Type
  drv             1   35[COMRAM] unsigned char 
 Return value:  Size  Location     Type
                  1    wreg      enum E3490
 Registers used:
		wreg, fsr0l, fsr0h, fsr2l, fsr2h, status,2, status,0, tblptrl, tblptrh, tblptru, cstack
 Tracked objects:
		On entry : 
		On exit  : 
		Unchanged: 
 Data sizes:     COMRAM   BANK0   BANK1   BANK2   BANK3   BANK4   BANK5   BANK6   BANK7   BANK8   BANK9  BANK10  BANK11  BANK12  BANK13  BANK14  BANK15
      Params:         8       0       0       0       0       0       0       0       0       0       0       0       0       0       0       0       0
      Locals:         1       0       0       0       0       0       0       0       0       0       0       0       0       0       0       0       0
      Temps:          1       0       0       0       0       0       0       0       0       0       0       0       0       0       0       0       0
      Totals:        10       0       0       0       0       0       0       0       0       0       0       0       0       0       0       0       0
Total ram usage:       10 bytes
 Hardware stack levels used:    1
 Hardware stack levels required when called:    4
 This function calls:
		_deselect
		_disk_status
		_send_cmd
		_xmit_datablock
 This function is called by:
		_main
		_sync_window
		_sync_fs
		_f_write
 This function uses a non-reentrant model


 *************** function _xmit_datablock *****************
 Defined at:
		line 295 in file "sdmm.c"
 Parameters:    Size  Location     Type
  buff            3   10[COMRAM] PTR const unsigned char 
		 -> NULL(0), ROM(49151), buffer(512), 
  token           1   13[COMRAM] unsigned char 
 Auto vars:     Size  Location     Type
  d               2   15[COMRAM] unsigned char [2]
 Return value:  Size  Location     Type
                  2   10[COMRAM] int 
 Registers used:
		wreg, fsr0l, fsr0h, fsr2l, fsr2h, status,2, status,0, tblptrl, tblptrh, tblptru, cstack
 Tracked objects:
		On entry : 
		On exit  : 
		Unchanged: 
 Data sizes:     COMRAM   BANK0   BANK1   BANK2   BANK3   BANK4   BANK5   BANK6   BANK7   BANK8   BANK9  BANK10  BANK11  BANK12  BANK13  BANK14  BANK15
      Params:         4       0       0       0       0       0       0       0       0       0       0       0       0       0       0       0       0
      Locals:         2       0       0       0       0       0       0       0       0       0       0       0       0       0       0       0       0
      Temps:          1       0       0       0       0       0       0       0       0       0       0       0       0       0       0       0       0
      Totals:         7       0       0       0       0       0       0       0       0       0       0       0       0       0       0       0       0
Total ram usage:        7 bytes
 Hardware stack levels used:    1
 Hardware stack levels required when called:    2
 This function calls:
		_rcvr_mmc
		_wait_ready
		_xmit_mmc
 This function is called by:
		_disk_write
 This function uses a non-reentrant model


 *************** function _disk_read *****************
 Defined at:
		line 457 in file "sdmm.c"
 Parameters:    Size  Location     Type
  drv             1    wreg     unsigned char 
  buff            2   26[COMRAM] PTR unsigned char 
		 -> NULL(0), buffer(512), 
  sector          4   28[COMRAM] unsigned long 
  count           2   32[COMRAM] unsigned int 
 Auto vars:     Size  Location     Type
  drv             1   35[COMRAM] unsigned char 
  cmd             1   38[COMRAM] unsigned char 
 Return value:  Size  Location     Type
                  1    wreg      enum E3490
 Registers used:
		wreg, fsr0l, fsr0h, fsr2l, fsr2h, status,2, status,0, tblptrl, tblptrh, tblptru, cstack
 Tracked objects:
		On entry : 
		On exit  : 
		Unchanged: 
 Data sizes:     COMRAM   BANK0   BANK1   BANK2   BANK3   BANK4   BANK5   BANK6   BANK7   BANK8   BANK9  BANK10  BANK11  BANK12  BANK13  BANK14  BANK15
      Params:         8       0       0       0       0       0       0       0       0       0       0       0       0       0       0       0       0
      Locals:         4       0       0       0       0       0       0       0       0       0       0       0       0       0       0       0       0
      Temps:          1       0       0       0       0       0       0       0       0       0       0       0       0       0       0       0       0
      Totals:        13       0       0       0       0       0       0       0       0       0       0       0       0       0       0       0       0
Total ram usage:       13 bytes
 Hardware stack levels used:    1
 Hardware stack levels required when called:    4
 This function calls:
		_deselect
		_disk_status
		_rcvr_datablock
		_send_cmd
 This function is called by:
		_main
		_move_window
		_f_read
 This function uses a non-reentrant model


 *************** function _rcvr_datablock *****************
 Defined at:
		line 266 in file "sdmm.c"
 Parameters:    Size  Location     Type
  buff            2    5[COMRAM] PTR unsigned char 
		 -> NULL(0), disk_ioctl@csd(16), buffer(512), 
  btr             2    7[COMRAM] unsigned int 
 Auto vars:     Size  Location     Type
  d               2   11[COMRAM] unsigned char [2]
  tmr             2    9[COMRAM] unsigned int 
 Return value:  Size  Location     Type
                  2    5[COMRAM] int 
 Registers used:
		wreg, fsr2l, fsr2h, status,2, status,0, cstack
 Tracked objects:
		On entry : 
		On exit  : 
		Unchanged: 
 Data sizes:     COMRAM   BANK0   BANK1   BANK2   BANK3   BANK4   BANK5   BANK6   BANK7   BANK8   BANK9  BANK10  BANK11  BANK12  BANK13  BANK14  BANK15
      Params:         4       0       0       0       0       0       0       0       0       0       0       0       0       0       0       0       0
      Locals:         4       0       0       0       0       0       0       0       0       0       0       0       0       0       0       0       0
      Temps:          0       0       0       0       0       0       0       0       0       0       0       0       0       0       0       0       0
      Totals:         8       0       0       0       0       0       0       0       0       0       0       0       0       0       0       0       0
Total ram usage:        8 bytes
 Hardware stack levels used:    1
 Hardware stack levels required when called:    1
 This function calls:
		_dly_us
		_rcvr_mmc
 This function is called by:
		_disk_read
		_disk_ioctl
 This function uses a non-reentrant model


 *************** function _disk_status *****************
 Defined at:
		line 380 in file "sdmm.c"
 Parameters:    Size  Location     Type
  drv             1    wreg     unsigned char 
 Auto vars:     Size  Location     Type
  drv             1    0[COMRAM] unsigned char 
 Return value:  Size  Location     Type
                  1    wreg      unsigned char 
 Registers used:
		wreg, status,2
 Tracked objects:
		On entry : 
		On exit  : 
		Unchanged: 
 Data sizes:     COMRAM   BANK0   BANK1   BANK2   BANK3   BANK4   BANK5   BANK6   BANK7   BANK8   BANK9  BANK10  BANK11  BANK12  BANK13  BANK14  BANK15
      Params:         0       0       0       0       0       0       0       0       0       0       0       0       0       0       0       0       0
      Locals:         1       0       0       0       0       0       0       0       0       0       0       0       0       0       0       0       0
      Temps:          0       0       0       0       0       0       0       0       0       0       0       0       0       0       0       0       0
      Totals:         1       0       0       0       0       0       0       0       0       0       0       0       0       0       0       0       0
Total ram usage:        1 bytes
 Hardware stack levels used:    1
 This function calls:
		Nothing
 This function is called by:
		_disk_read
		_disk_write
		_disk_ioctl
		_find_volume
		_validate
 This function uses a non-reentrant model


 *************** function _disk_initialize *****************
 Defined at:
		line 395 in file "sdmm.c"
 Parameters:    Size  Location     Type
  drv             1    wreg     unsigned char 
 Auto vars:     Size  Location     Type
  drv             1   27[COMRAM] unsigned char 
  buf             4   30[COMRAM] unsigned char [4]
  tmr             2   38[COMRAM] unsigned int 
  ty              1   37[COMRAM] unsigned char 
  s               1   36[COMRAM] unsigned char 
  cmd             1   35[COMRAM] unsigned char 
  n               1   34[COMRAM] unsigned char 
 Return value:  Size  Location     Type
                  1    wreg      unsigned char 
 Registers used:
		wreg, fsr0l, fsr0h, fsr2l, fsr2h, status,2, status,0, tblptrl, tblptrh, tblptru, cstack
 Tracked objects:
		On entry : 
		On exit  : 
		Unchanged: 
 Data sizes:     COMRAM   BANK0   BANK1   BANK2   BANK3   BANK4   BANK5   BANK6   BANK7   BANK8   BANK9  BANK10  BANK11  BANK12  BANK13  BANK14  BANK15
      Params:         0       0       0       0       0       0       0       0       0       0       0       0       0       0       0       0       0
      Locals:        13       0       0       0       0       0       0       0       0       0       0       0       0       0       0       0       0
      Temps:          1       0       0       0       0       0       0       0       0       0       0       0       0       0       0       0       0
      Totals:        14       0       0       0       0       0       0       0       0       0       0       0       0       0       0       0       0
Total ram usage:       14 bytes
 Hardware stack levels used:    1
 Hardware stack levels required when called:    4
 This function calls:
		_deselect
		_dly_us
		_rcvr_mmc
		_send_cmd
 This function is called by:
		_main
		_find_volume
 This function uses a non-reentrant model


 *************** function _send_cmd *****************
 Defined at:
		line 325 in file "sdmm.c"
 Parameters:    Size  Location     Type
  cmd             1    wreg     unsigned char 
  arg             4   13[COMRAM] unsigned long 
 Auto vars:     Size  Location     Type
  cmd             1   25[COMRAM] unsigned char 
  buf             6   17[COMRAM] unsigned char [6]
  d               1   24[COMRAM] unsigned char 
  n               1   23[COMRAM] unsigned char 
 Return value:  Size  Location     Type
                  1    wreg      unsigned char 
 Registers used:
		wreg, fsr0l, fsr0h, fsr2l, fsr2h, status,2, status,0, tblptrl, tblptrh, tblptru, cstack
 Tracked objects:
		On entry : 
		On exit  : 
		Unchanged: 
 Data sizes:     COMRAM   BANK0   BANK1   BANK2   BANK3   BANK4   BANK5   BANK6   BANK7   BANK8   BANK9  BANK10  BANK11  BANK12  BANK13  BANK14  BANK15
      Params:         4       0       0       0       0       0       0       0       0       0       0       0       0       0       0       0       0
      Locals:         9       0       0       0       0       0       0       0       0       0       0       0       0       0       0       0       0
      Temps:          0       0       0       0       0       0       0       0       0       0       0       0       0       0       0       0       0
      Totals:        13       0       0       0       0       0       0       0       0       0       0       0       0       0       0       0       0
Total ram usage:       13 bytes
 Hardware stack levels used:    1
 Hardware stack levels required when called:    3
 This function calls:
		_deselect
		_rcvr_mmc
		_select
		_xmit_mmc
 This function is called by:
		_disk_initialize
		_disk_read
		_disk_write
		_disk_ioctl
 This function uses a non-reentrant model


 *************** function _xmit_mmc *****************
 Defined at:
		line 136 in file "sdmm.c"
 Parameters:    Size  Location     Type
  buff            3    0[COMRAM] PTR const unsigned char 
		 -> NULL(0), ROM(49151), send_cmd@buf(6), xmit_datablock@d(2), 
		 -> buffer(512), 
  bc              2    3[COMRAM] unsigned int 
 Auto vars:     Size  Location     Type
  d               1    5[COMRAM] unsigned char 
 Return value:  Size  Location     Type
		None               void
 Registers used:
		wreg, fsr0l, fsr0h, status,2, status,0, tblptrl, tblptrh, tblptru
 Tracked objects:
		On entry : 
		On exit  : 
		Unchanged: 
 Data sizes:     COMRAM   BANK0   BANK1   BANK2   BANK3   BANK4   BANK5   BANK6   BANK7   BANK8   BANK9  BANK10  BANK11  BANK12  BANK13  BANK14  BANK15
      Params:         5       0       0       0       0       0       0       0       0       0       0       0       0       0       0       0       0
      Locals:         1       0       0       0       0       0       0       0       0       0       0       0       0       0       0       0       0
      Temps:          0       0       0       0       0       0       0       0       0       0       0       0       0       0       0       0       0
      Totals:         6       0       0       0       0       0       0       0       0       0       0       0       0       0       0       0       0
Total ram usage:        6 bytes
 Hardware stack levels used:    1
 This function calls:
		Nothing
 This function is called by:
		_xmit_datablock
		_send_cmd
 This function uses a non-reentrant model


 *************** function _select *****************
 Defined at:
		line 247 in file "sdmm.c"
 Parameters:    Size  Location     Type
		None
 Auto vars:     Size  Location     Type
  d               1   12[COMRAM] unsigned char 
 Return value:  Size  Location     Type
                  2   10[COMRAM] int 
 Registers used:
		wreg, fsr2l, fsr2h, status,2, status,0, cstack
 Tracked objects:
		On entry : 
		On exit  : 
		Unchanged: 
 Data sizes:     COMRAM   BANK0   BANK1   BANK2   BANK3   BANK4   BANK5   BANK6   BANK7   BANK8   BANK9  BANK10  BANK11  BANK12  BANK13  BANK14  BANK15
      Params:         2       0       0       0       0       0       0       0       0       0       0       0       0       0       0       0       0
      Locals:         1       0       0       0       0       0       0       0       0       0       0       0       0       0       0       0       0
      Temps:          0       0       0       0       0       0       0       0       0       0       0       0       0       0       0       0       0
      Totals:         3       0       0       0       0       0       0       0       0       0       0       0       0       0       0       0       0
Total ram usage:        3 bytes
 Hardware stack levels used:    1
 Hardware stack levels required when called:    2
 This function calls:
		_deselect
		_rcvr_mmc
		_wait_ready
 This function is called by:
		_send_cmd
		_disk_ioctl
 This function uses a non-reentrant model


 *************** function _wait_ready *****************
 Defined at:
		line 210 in file "sdmm.c"
 Parameters:    Size  Location     Type
		None
 Auto vars:     Size  Location     Type
  tmr             2    7[COMRAM] unsigned int 
  d               1    9[COMRAM] unsigned char 
 Return value:  Size  Location     Type
                  2    5[COMRAM] int 
 Registers used:
		wreg, fsr2l, fsr2h, status,2, status,0, cstack
 Tracked objects:
		On entry : 
		On exit  : 
		Unchanged: 
 Data sizes:     COMRAM   BANK0   BANK1   BANK2   BANK3   BANK4   BANK5   BANK6   BANK7   BANK8   BANK9  BANK10  BANK11  BANK12  BANK13  BANK14  BANK15
      Params:         2       0       0       0       0       0       0       0       0       0       0       0       0       0       0       0       0
      Locals:         3       0       0       0       0       0       0       0       0       0       0       0       0       0       0       0       0
      Temps:          0       0       0       0       0       0       0       0       0       0       0       0       0       0       0       0       0
      Totals:         5       0       0       0       0       0       0       0       0       0       0       0       0       0       0       0       0
Total ram usage:        5 bytes
 Hardware stack levels used:    1
 Hardware stack levels required when called:    1
 This function calls:
		_dly_us
		_rcvr_mmc
 This function is called by:
		_select
		_xmit_datablock
 This function uses a non-reentrant model


 *************** function _dly_us *****************
 Defined at:
		line 60 in file "sdmm.c"
 Parameters:    Size  Location     Type
  n               2    0[COMRAM] unsigned int 
 Auto vars:     Size  Location     Type
  tem             2    2[COMRAM] unsigned int 
 Return value:  Size  Location     Type
		None               void
 Registers used:
		wreg, status,2, status,0
 Tracked objects:
		On entry : 
		On exit  : 
		Unchanged: 
 Data sizes:     COMRAM   BANK0   BANK1   BANK2   BANK3   BANK4   BANK5   BANK6   BANK7   BANK8   BANK9  BANK10  BANK11  BANK12  BANK13  BANK14  BANK15
      Params:         2       0       0       0       0       0       0       0       0       0       0       0       0       0       0       0       0
      Locals:         2       0       0       0       0       0       0       0       0       0       0       0       0       0       0       0       0
      Temps:          0       0       0       0       0       0       0       0       0       0       0       0       0       0       0       0       0
      Totals:         4       0       0       0       0       0       0       0       0       0       0       0       0       0       0       0       0
Total ram usage:        4 bytes
 Hardware stack levels used:    1
 This function calls:
		Nothing
 This function is called by:
		_wait_ready
		_rcvr_datablock
		_disk_initialize
 This function uses a non-reentrant model


 *************** function _deselect *****************
 Defined at:
		line 232 in file "sdmm.c"
 Parameters:    Size  Location     Type
		None
 Auto vars:     Size  Location     Type
  d               1    5[COMRAM] unsigned char 
 Return value:  Size  Location     Type
		None               void
 Registers used:
		wreg, fsr2l, fsr2h, status,2, status,0, cstack
 Tracked objects:
		On entry : 
		On exit  : 
		Unchanged: 
 Data sizes:     COMRAM   BANK0   BANK1   BANK2   BANK3   BANK4   BANK5   BANK6   BANK7   BANK8   BANK9  BANK10  BANK11  BANK12  BANK13  BANK14  BANK15
      Params:         0       0       0       0       0       0       0       0       0       0       0       0       0       0       0       0       0
      Locals:         1       0       0       0       0       0       0       0       0       0       0       0       0       0       0       0       0
      Temps:          0       0       0       0       0       0       0       0       0       0       0       0       0       0       0       0       0
      Totals:         1       0       0       0       0       0       0       0       0       0       0       0       0       0       0       0       0
Total ram usage:        1 bytes
 Hardware stack levels used:    1
 Hardware stack levels required when called:    1
 This function calls:
		_rcvr_mmc
 This function is called by:
		_select
		_send_cmd
		_disk_initialize
		_disk_read
		_disk_write
		_disk_ioctl
 This function uses a non-reentrant model


 *************** function _rcvr_mmc *****************
 Defined at:
		line 172 in file "sdmm.c"
 Parameters:    Size  Location     Type
  buff            2    0[COMRAM] PTR unsigned char 
		 -> NULL(0), disk_ioctl@csd(16), disk_initialize@buf(4), send_cmd@d(1), 
		 -> xmit_datablock@d(2), rcvr_datablock@d(2), select@d(1), deselect@d(1), 
		 -> wait_ready@d(1), buffer(512), 
  bc              2    2[COMRAM] unsigned int 
 Auto vars:     Size  Location     Type
  r               1    4[COMRAM] unsigned char 
 Return value:  Size  Location     Type
		None               void
 Registers used:
		wreg, fsr2l, fsr2h, status,2, status,0
 Tracked objects:
		On entry : 
		On exit  : 
		Unchanged: 
 Data sizes:     COMRAM   BANK0   BANK1   BANK2   BANK3   BANK4   BANK5   BANK6   BANK7   BANK8   BANK9  BANK10  BANK11  BANK12  BANK13  BANK14  BANK15
      Params:         4       0       0       0       0       0       0       0       0       0       0       0       0       0       0       0       0
      Locals:         1       0       0       0       0       0       0       0       0       0       0       0       0       0       0       0       0
      Temps:          0       0       0       0       0       0       0       0       0       0       0       0       0       0       0       0       0
      Totals:         5       0       0       0       0       0       0       0       0       0       0       0       0       0       0       0       0
Total ram usage:        5 bytes
 Hardware stack levels used:    1
 This function calls:
		Nothing
 This function is called by:
		_wait_ready
		_deselect
		_select
		_rcvr_datablock
		_xmit_datablock
		_send_cmd
		_disk_initialize
 This function uses a non-reentrant model


 *************** function _delaymain *****************
 Defined at:
		line 30 in file "main.c"
 Parameters:    Size  Location     Type
  x               4    0[COMRAM] unsigned long 
 Auto vars:     Size  Location     Type
		None
 Return value:  Size  Location     Type
		None               void
 Registers used:
		wreg, status,2, status,0
 Tracked objects:
		On entry : 
		On exit  : 
		Unchanged: 
 Data sizes:     COMRAM   BANK0   BANK1   BANK2   BANK3   BANK4   BANK5   BANK6   BANK7   BANK8   BANK9  BANK10  BANK11  BANK12  BANK13  BANK14  BANK15
      Params:         4       0       0       0       0       0       0       0       0       0       0       0       0       0       0       0       0
      Locals:         0       0       0       0       0       0       0       0       0       0       0       0       0       0       0       0       0
      Temps:          0       0       0       0       0       0       0       0       0       0       0       0       0       0       0       0       0
      Totals:         4       0       0       0       0       0       0       0       0       0       0       0       0       0       0       0       0
Total ram usage:        4 bytes
 Hardware stack levels used:    1
 This function calls:
		Nothing
 This function is called by:
		_main
 This function uses a non-reentrant model


 *************** function _LCD_string *****************
 Defined at:
		line 54 in file "LCD.c"
 Parameters:    Size  Location     Type
  ptr             2    8[COMRAM] PTR unsigned char 
		 -> STR_6(16), STR_5(17), STR_4(16), STR_3(17), 
		 -> STR_2(17), STR_1(17), 
 Auto vars:     Size  Location     Type
		None
 Return value:  Size  Location     Type
		None               void
 Registers used:
		wreg, status,2, status,0, tblptrl, tblptrh, tblptru, cstack
 Tracked objects:
		On entry : 
		On exit  : 
		Unchanged: 
 Data sizes:     COMRAM   BANK0   BANK1   BANK2   BANK3   BANK4   BANK5   BANK6   BANK7   BANK8   BANK9  BANK10  BANK11  BANK12  BANK13  BANK14  BANK15
      Params:         2       0       0       0       0       0       0       0       0       0       0       0       0       0       0       0       0
      Locals:         0       0       0       0       0       0       0       0       0       0       0       0       0       0       0       0       0
      Temps:          0       0       0       0       0       0       0       0       0       0       0       0       0       0       0       0       0
      Totals:         2       0       0       0       0       0       0       0       0       0       0       0       0       0       0       0       0
Total ram usage:        2 bytes
 Hardware stack levels used:    1
 Hardware stack levels required when called:    3
 This function calls:
		_LCD_func
 This function is called by:
		_main
 This function uses a non-reentrant model


 *************** function _LCD_init *****************
 Defined at:
		line 22 in file "LCD.c"
 Parameters:    Size  Location     Type
		None
 Auto vars:     Size  Location     Type
		None
 Return value:  Size  Location     Type
		None               void
 Registers used:
		wreg, status,2, status,0, cstack
 Tracked objects:
		On entry : 
		On exit  : 
		Unchanged: 
 Data sizes:     COMRAM   BANK0   BANK1   BANK2   BANK3   BANK4   BANK5   BANK6   BANK7   BANK8   BANK9  BANK10  BANK11  BANK12  BANK13  BANK14  BANK15
      Params:         0       0       0       0       0       0       0       0       0       0       0       0       0       0       0       0       0
      Locals:         0       0       0       0       0       0       0       0       0       0       0       0       0       0       0       0       0
      Temps:          0       0       0       0       0       0       0       0       0       0       0       0       0       0       0       0       0
      Totals:         0       0       0       0       0       0       0       0       0       0       0       0       0       0       0       0       0
Total ram usage:        0 bytes
 Hardware stack levels used:    1
 Hardware stack levels required when called:    3
 This function calls:
		_LCD_func
 This function is called by:
		_main
 This function uses a non-reentrant model


 *************** function _LCD_cur *****************
 Defined at:
		line 50 in file "LCD.c"
 Parameters:    Size  Location     Type
  row             1    wreg     unsigned char 
  col             1    8[COMRAM] unsigned char 
 Auto vars:     Size  Location     Type
  row             1    9[COMRAM] unsigned char 
 Return value:  Size  Location     Type
		None               void
 Registers used:
		wreg, status,2, status,0, cstack
 Tracked objects:
		On entry : 
		On exit  : 
		Unchanged: 
 Data sizes:     COMRAM   BANK0   BANK1   BANK2   BANK3   BANK4   BANK5   BANK6   BANK7   BANK8   BANK9  BANK10  BANK11  BANK12  BANK13  BANK14  BANK15
      Params:         1       0       0       0       0       0       0       0       0       0       0       0       0       0       0       0       0
      Locals:         1       0       0       0       0       0       0       0       0       0       0       0       0       0       0       0       0
      Temps:          0       0       0       0       0       0       0       0       0       0       0       0       0       0       0       0       0
      Totals:         2       0       0       0       0       0       0       0       0       0       0       0       0       0       0       0       0
Total ram usage:        2 bytes
 Hardware stack levels used:    1
 Hardware stack levels required when called:    3
 This function calls:
		_LCD_func
 This function is called by:
		_main
 This function uses a non-reentrant model


 *************** function _LCD_func *****************
 Defined at:
		line 40 in file "LCD.c"
 Parameters:    Size  Location     Type
  data            1    wreg     unsigned char 
  cmd             1    2[COMRAM] unsigned char 
 Auto vars:     Size  Location     Type
  data            1    7[COMRAM] unsigned char 
 Return value:  Size  Location     Type
		None               void
 Registers used:
		wreg, status,2, status,0, cstack
 Tracked objects:
		On entry : 
		On exit  : 
		Unchanged: 
 Data sizes:     COMRAM   BANK0   BANK1   BANK2   BANK3   BANK4   BANK5   BANK6   BANK7   BANK8   BANK9  BANK10  BANK11  BANK12  BANK13  BANK14  BANK15
      Params:         1       0       0       0       0       0       0       0       0       0       0       0       0       0       0       0       0
      Locals:         3       0       0       0       0       0       0       0       0       0       0       0       0       0       0       0       0
      Temps:          2       0       0       0       0       0       0       0       0       0       0       0       0       0       0       0       0
      Totals:         6       0       0       0       0       0       0       0       0       0       0       0       0       0       0       0       0
Total ram usage:        6 bytes
 Hardware stack levels used:    1
 Hardware stack levels required when called:    2
 This function calls:
		_LCD_enable
 This function is called by:
		_LCD_init
		_LCD_cur
		_LCD_string
 This function uses a non-reentrant model


 *************** function _LCD_enable *****************
 Defined at:
		line 13 in file "LCD.c"
 Parameters:    Size  Location     Type
		None
 Auto vars:     Size  Location     Type
		None
 Return value:  Size  Location     Type
		None               void
 Registers used:
		wreg, status,2, status,0, cstack
 Tracked objects:
		On entry : 
		On exit  : 
		Unchanged: 
 Data sizes:     COMRAM   BANK0   BANK1   BANK2   BANK3   BANK4   BANK5   BANK6   BANK7   BANK8   BANK9  BANK10  BANK11  BANK12  BANK13  BANK14  BANK15
      Params:         0       0       0       0       0       0       0       0       0       0       0       0       0       0       0       0       0
      Locals:         0       0       0       0       0       0       0       0       0       0       0       0       0       0       0       0       0
      Temps:          0       0       0       0       0       0       0       0       0       0       0       0       0       0       0       0       0
      Totals:         0       0       0       0       0       0       0       0       0       0       0       0       0       0       0       0       0
Total ram usage:        0 bytes
 Hardware stack levels used:    1
 Hardware stack levels required when called:    1
 This function calls:
		_LCD_delay
 This function is called by:
		_LCD_func
 This function uses a non-reentrant model


 *************** function _LCD_delay *****************
 Defined at:
		line 11 in file "LCD.c"
 Parameters:    Size  Location     Type
  x               2    0[COMRAM] unsigned int 
 Auto vars:     Size  Location     Type
		None
 Return value:  Size  Location     Type
		None               void
 Registers used:
		wreg, status,2, status,0
 Tracked objects:
		On entry : 
		On exit  : 
		Unchanged: 
 Data sizes:     COMRAM   BANK0   BANK1   BANK2   BANK3   BANK4   BANK5   BANK6   BANK7   BANK8   BANK9  BANK10  BANK11  BANK12  BANK13  BANK14  BANK15
      Params:         2       0       0       0       0       0       0       0       0       0       0       0       0       0       0       0       0
      Locals:         0       0       0       0       0       0       0       0       0       0       0       0       0       0       0       0       0
      Temps:          0       0       0       0       0       0       0       0       0       0       0       0       0       0       0       0       0
      Totals:         2       0       0       0       0       0       0       0       0       0       0       0       0       0       0       0       0
Total ram usage:        2 bytes
 Hardware stack levels used:    1
 This function calls:
		Nothing
 This function is called by:
		_LCD_enable
 This function uses a non-reentrant model



MODULE INFORMATION

Module		Function		Class		Link	Load	Size
sdmm.c
		_xmit_mmc      		CODE           	15C0	0000	174
		_rcvr_datablock		CODE           	182A	0000	128
		_rcvr_mmc      		CODE           	17A8	0000	130
		_send_cmd      		CODE           	166E	0000	168
		_disk_initializ		CODE           	1076	0000	494
		_disk_write    		CODE           	13F0	0000	270
		_disk_status   		CODE           	1AE2	0000	16
		_deselect      		CODE           	1A90	0000	24
		_dly_us        		CODE           	1A78	0000	24
		_disk_read     		CODE           	14FE	0000	194
		_select        		CODE           	19D2	0000	56
		_xmit_datablock		CODE           	1716	0000	146
		_wait_ready    		CODE           	1900	0000	78

sdmm.c estimated size: 1902

shared
		__stringdata   		SMALLCONST     	1001	0000	115
		__initializatio		CODE           	194E	0000	64

shared estimated size: 179

main.c
		_init          		CODE           	1AF2	0000	14
		_main          		CODE           	1264	0000	396
		_delaymain     		CODE           	1A3C	0000	30

main.c estimated size: 440

LCD.c
		_LCD_cur       		CODE           	1AA8	0000	22
		_LCD_enable    		CODE           	1A5A	0000	30
		_LCD_string    		CODE           	1A0A	0000	50
		_LCD_init      		CODE           	1994	0000	62
		_LCD_delay     		CODE           	1ABE	0000	18
		_LCD_func      		CODE           	18AA	0000	86

LCD.c estimated size: 268

