<html>
<body>
<pre>
<h1>µVision Build Log</h1>
<h2>Tool Versions:</h2>
IDE-Version: µVision V5.16a
Copyright (C) 2015 ARM Ltd and ARM Germany GmbH. All rights reserved.
License Information: ANKIT RAWAT, xxxxxx, LIC=----
 
Tool Versions:
Toolchain:       MDK-Lite  Version: 5.16a
Toolchain Path:  C:\Keil_v5\ARM\ARMCC\Bin
C Compiler:      Armcc.exe V5.06 (build 20)
Assembler:       Armasm.exe V5.06 (build 20)
Linker/Locator:  ArmLink.exe V5.06 (build 20)
Library Manager: ArmAr.exe V5.06 (build 20)
Hex Converter:   FromElf.exe V5.06 (build 20)
CPU DLL:         SARMCM3.DLL V5.16a
Dialog DLL:      DCM.DLL V1.13.2.0
Target DLL:      STLink\ST-LINKIII-KEIL_SWO.dll V2.0.17.0
Dialog DLL:      TCM.DLL V1.14.5.0
 
<h2>Project:</h2>
C:\Users\Ankit\Desktop\RTC_TEST\I2C\I2C_Test\MDK-ARM\I2C_Test.uvprojx
Project File Date:  04/18/2016

<h2>Output:</h2>
*** Using Compiler 'V5.06 (build 20)', folder: 'C:\Keil_v5\ARM\ARMCC\Bin'
Rebuild target 'I2C_Test Configuration'
assembling startup_stm32f030x8.s...
compiling I2C.c...
..\Src\I2C.c(134): warning:  #177-D: variable "Address8Bit" was declared but never referenced
  uint8_t Address8Bit,Pdata;
..\Src\I2C.c(134): warning:  #550-D: variable "Pdata" was set but never used
  uint8_t Address8Bit,Pdata;
..\Src\I2C.c(184): warning:  #177-D: variable "Address8Bit" was declared but never referenced
  uint8_t Pdata,Address8Bit;
..\Src\I2C.c: 3 warnings, 0 errors
compiling stm32f0xx_hal_flash.c...
compiling stm32f0xx_hal_flash_ex.c...
compiling stm32f0xx_hal.c...
compiling stm32f0xx_hal_pwr.c...
compiling stm32f0xx_hal_gpio.c...
compiling stm32f0xx_hal_pwr_ex.c...
compiling stm32f0xx_hal_cortex.c...
compiling stm32f0xx_hal_dma.c...
compiling stm32f0xx_hal_rcc_ex.c...
compiling stm32f0xx_hal_rcc.c...
compiling stm32f0xx_hal_i2c_ex.c...
compiling stm32f0xx_hal_i2c.c...
compiling system_stm32f0xx.c...
compiling stm32f0xx_hal_msp.c...
compiling stm32f0xx_it.c...
compiling main.c...
linking...
Program Size: Code=5740 RO-data=228 RW-data=28 ZI-data=1084  
"I2C_Test Configuration\I2C_Test Configuration.axf" - 0 Error(s), 3 Warning(s).

<h2>Collection of Component include folders:</h2>
  C:\Users\Ankit\Desktop\RTC_TEST\I2C\I2C_Test\MDK-ARM\RTE
  C:\Keil_v5\ARM\PACK\Keil\STM32F0xx_DFP\1.4.0\Device\Include

<h2>Collection of Component Files used:</h2>
Build Time Elapsed:  00:00:35
</pre>
</body>
</html>
