Component: ARM Compiler 5.06 (build 20) Tool: armlink [4d35a3]

==============================================================================

Section Cross References

    system_stm32f0xx.o(i.SystemCoreClockUpdate) refers to uidiv.o(.text) for __aeabi_uidivmod
    system_stm32f0xx.o(i.SystemCoreClockUpdate) refers to system_stm32f0xx.o(.data) for .data
    stm32f0xx_hal_spi.o(i.HAL_SPI_DMAStop) refers to stm32f0xx_hal_dma.o(i.HAL_DMA_Abort) for HAL_DMA_Abort
    stm32f0xx_hal_spi.o(i.HAL_SPI_DeInit) refers to stm32f0xx_hal_msp.o(i.HAL_SPI_MspDeInit) for HAL_SPI_MspDeInit
    stm32f0xx_hal_spi.o(i.HAL_SPI_IRQHandler) refers to stm32f0xx_hal_spi.o(i.HAL_SPI_ErrorCallback) for HAL_SPI_ErrorCallback
    stm32f0xx_hal_spi.o(i.HAL_SPI_Init) refers to stm32f0xx_hal_msp.o(i.HAL_SPI_MspInit) for HAL_SPI_MspInit
    stm32f0xx_hal_spi.o(i.HAL_SPI_Receive) refers to stm32f0xx_hal.o(i.HAL_GetTick) for HAL_GetTick
    stm32f0xx_hal_spi.o(i.HAL_SPI_Receive) refers to stm32f0xx_hal_spi.o(i.HAL_SPI_TransmitReceive) for HAL_SPI_TransmitReceive
    stm32f0xx_hal_spi.o(i.HAL_SPI_Receive) refers to stm32f0xx_hal_spi.o(i.SPI_WaitFlagStateUntilTimeout) for SPI_WaitFlagStateUntilTimeout
    stm32f0xx_hal_spi.o(i.HAL_SPI_Receive) refers to stm32f0xx_hal_spi.o(i.SPI_EndRxTransaction) for SPI_EndRxTransaction
    stm32f0xx_hal_spi.o(i.HAL_SPI_Receive_DMA) refers to stm32f0xx_hal_spi.o(i.HAL_SPI_TransmitReceive_DMA) for HAL_SPI_TransmitReceive_DMA
    stm32f0xx_hal_spi.o(i.HAL_SPI_Receive_DMA) refers to stm32f0xx_hal_dma.o(i.HAL_DMA_Start_IT) for HAL_DMA_Start_IT
    stm32f0xx_hal_spi.o(i.HAL_SPI_Receive_DMA) refers to stm32f0xx_hal_spi.o(i.SPI_DMAHalfReceiveCplt) for SPI_DMAHalfReceiveCplt
    stm32f0xx_hal_spi.o(i.HAL_SPI_Receive_DMA) refers to stm32f0xx_hal_spi.o(i.SPI_DMAReceiveCplt) for SPI_DMAReceiveCplt
    stm32f0xx_hal_spi.o(i.HAL_SPI_Receive_DMA) refers to stm32f0xx_hal_spi.o(i.SPI_DMAError) for SPI_DMAError
    stm32f0xx_hal_spi.o(i.HAL_SPI_Receive_IT) refers to stm32f0xx_hal_spi.o(i.HAL_SPI_TransmitReceive_IT) for HAL_SPI_TransmitReceive_IT
    stm32f0xx_hal_spi.o(i.HAL_SPI_Receive_IT) refers to stm32f0xx_hal_spi.o(i.SPI_RxISR_16BIT) for SPI_RxISR_16BIT
    stm32f0xx_hal_spi.o(i.HAL_SPI_Receive_IT) refers to stm32f0xx_hal_spi.o(i.SPI_RxISR_8BIT) for SPI_RxISR_8BIT
    stm32f0xx_hal_spi.o(i.HAL_SPI_Transmit) refers to stm32f0xx_hal.o(i.HAL_GetTick) for HAL_GetTick
    stm32f0xx_hal_spi.o(i.HAL_SPI_Transmit) refers to stm32f0xx_hal_spi.o(i.SPI_EndRxTxTransaction) for SPI_EndRxTxTransaction
    stm32f0xx_hal_spi.o(i.HAL_SPI_TransmitReceive) refers to stm32f0xx_hal.o(i.HAL_GetTick) for HAL_GetTick
    stm32f0xx_hal_spi.o(i.HAL_SPI_TransmitReceive) refers to stm32f0xx_hal_spi.o(i.SPI_WaitFlagStateUntilTimeout) for SPI_WaitFlagStateUntilTimeout
    stm32f0xx_hal_spi.o(i.HAL_SPI_TransmitReceive) refers to stm32f0xx_hal_spi.o(i.SPI_EndRxTxTransaction) for SPI_EndRxTxTransaction
    stm32f0xx_hal_spi.o(i.HAL_SPI_TransmitReceive_DMA) refers to stm32f0xx_hal_dma.o(i.HAL_DMA_Start_IT) for HAL_DMA_Start_IT
    stm32f0xx_hal_spi.o(i.HAL_SPI_TransmitReceive_DMA) refers to stm32f0xx_hal_spi.o(i.SPI_DMAHalfTransmitReceiveCplt) for SPI_DMAHalfTransmitReceiveCplt
    stm32f0xx_hal_spi.o(i.HAL_SPI_TransmitReceive_DMA) refers to stm32f0xx_hal_spi.o(i.SPI_DMATransmitReceiveCplt) for SPI_DMATransmitReceiveCplt
    stm32f0xx_hal_spi.o(i.HAL_SPI_TransmitReceive_DMA) refers to stm32f0xx_hal_spi.o(i.SPI_DMAError) for SPI_DMAError
    stm32f0xx_hal_spi.o(i.HAL_SPI_TransmitReceive_DMA) refers to stm32f0xx_hal_spi.o(i.SPI_DMAHalfReceiveCplt) for SPI_DMAHalfReceiveCplt
    stm32f0xx_hal_spi.o(i.HAL_SPI_TransmitReceive_DMA) refers to stm32f0xx_hal_spi.o(i.SPI_DMAReceiveCplt) for SPI_DMAReceiveCplt
    stm32f0xx_hal_spi.o(i.HAL_SPI_TransmitReceive_IT) refers to stm32f0xx_hal_spi.o(i.SPI_2linesRxISR_16BIT) for SPI_2linesRxISR_16BIT
    stm32f0xx_hal_spi.o(i.HAL_SPI_TransmitReceive_IT) refers to stm32f0xx_hal_spi.o(i.SPI_2linesTxISR_16BIT) for SPI_2linesTxISR_16BIT
    stm32f0xx_hal_spi.o(i.HAL_SPI_TransmitReceive_IT) refers to stm32f0xx_hal_spi.o(i.SPI_2linesRxISR_8BIT) for SPI_2linesRxISR_8BIT
    stm32f0xx_hal_spi.o(i.HAL_SPI_TransmitReceive_IT) refers to stm32f0xx_hal_spi.o(i.SPI_2linesTxISR_8BIT) for SPI_2linesTxISR_8BIT
    stm32f0xx_hal_spi.o(i.HAL_SPI_Transmit_DMA) refers to stm32f0xx_hal_dma.o(i.HAL_DMA_Start_IT) for HAL_DMA_Start_IT
    stm32f0xx_hal_spi.o(i.HAL_SPI_Transmit_DMA) refers to stm32f0xx_hal_spi.o(i.SPI_DMAHalfTransmitCplt) for SPI_DMAHalfTransmitCplt
    stm32f0xx_hal_spi.o(i.HAL_SPI_Transmit_DMA) refers to stm32f0xx_hal_spi.o(i.SPI_DMATransmitCplt) for SPI_DMATransmitCplt
    stm32f0xx_hal_spi.o(i.HAL_SPI_Transmit_DMA) refers to stm32f0xx_hal_spi.o(i.SPI_DMAError) for SPI_DMAError
    stm32f0xx_hal_spi.o(i.HAL_SPI_Transmit_IT) refers to stm32f0xx_hal_spi.o(i.SPI_TxISR_16BIT) for SPI_TxISR_16BIT
    stm32f0xx_hal_spi.o(i.HAL_SPI_Transmit_IT) refers to stm32f0xx_hal_spi.o(i.SPI_TxISR_8BIT) for SPI_TxISR_8BIT
[...]
    ff.o(i.dir_register) refers to ff.o(i.dir_find) for dir_find
    ff.o(i.dir_register) refers to uidiv.o(.text) for __aeabi_uidivmod
    ff.o(i.dir_register) refers to ff.o(i.dir_sdi) for dir_sdi
    ff.o(i.dir_register) refers to ff.o(i.move_window) for move_window
    ff.o(i.dir_register) refers to ff.o(i.dir_next) for dir_next
    ff.o(i.dir_register) refers to ff.o(i.sum_sfn) for sum_sfn
    ff.o(i.dir_register) refers to ff.o(i.fit_lfn) for fit_lfn
    ff.o(i.dir_register) refers to ff.o(i.mem_set) for mem_set
    ff.o(i.dir_remove) refers to ff.o(i.dir_sdi) for dir_sdi
    ff.o(i.dir_remove) refers to ff.o(i.move_window) for move_window
    ff.o(i.dir_remove) refers to ff.o(i.mem_set) for mem_set
    ff.o(i.dir_remove) refers to ff.o(i.dir_next) for dir_next
    ff.o(i.dir_sdi) refers to ff.o(i.get_fat) for get_fat
    ff.o(i.dir_sdi) refers to ff.o(i.clust2sect) for clust2sect
    ff.o(i.f_chmod) refers to ff.o(i.find_volume) for find_volume
    ff.o(i.f_chmod) refers to syscall.o(i.ff_memalloc) for ff_memalloc
    ff.o(i.f_chmod) refers to ff.o(i.follow_path) for follow_path
    ff.o(i.f_chmod) refers to syscall.o(i.ff_memfree) for ff_memfree
    ff.o(i.f_chmod) refers to ff.o(i.sync_fs) for sync_fs
    ff.o(i.f_close) refers to ff.o(i.f_sync) for f_sync
    ff.o(i.f_close) refers to ff.o(i.validate) for validate
    ff.o(i.f_close) refers to ff.o(i.dec_lock) for dec_lock
    ff.o(i.f_closedir) refers to ff.o(i.validate) for validate
    ff.o(i.f_closedir) refers to ff.o(i.dec_lock) for dec_lock
    ff.o(i.f_getfree) refers to ff.o(i.find_volume) for find_volume
    ff.o(i.f_getfree) refers to ff.o(i.get_fat) for get_fat
    ff.o(i.f_getfree) refers to ff.o(i.move_window) for move_window
    ff.o(i.f_getfree) refers to uread4.o(.text) for __aeabi_uread4
    ff.o(i.f_gets) refers to ff.o(i.f_read) for f_read
    ff.o(i.f_lseek) refers to ff.o(i.validate) for validate
    ff.o(i.f_lseek) refers to ff.o(i.clmt_clust) for clmt_clust
    ff.o(i.f_lseek) refers to ff.o(i.clust2sect) for clust2sect
    ff.o(i.f_lseek) refers to diskio_1.o(i.disk_write) for disk_write
    ff.o(i.f_lseek) refers to ff.o(i.get_fat) for get_fat
    ff.o(i.f_lseek) refers to diskio_1.o(i.disk_read) for disk_read
    ff.o(i.f_lseek) refers to uidiv.o(.text) for __aeabi_uidivmod
    ff.o(i.f_lseek) refers to ff.o(i.create_chain) for create_chain
    ff.o(i.f_mkdir) refers to fatfs.o(i.get_fattime) for get_fattime
    ff.o(i.f_mkdir) refers to ff.o(i.find_volume) for find_volume
    ff.o(i.f_mkdir) refers to syscall.o(i.ff_memalloc) for ff_memalloc
    ff.o(i.f_mkdir) refers to ff.o(i.follow_path) for follow_path
    ff.o(i.f_mkdir) refers to ff.o(i.create_chain) for create_chain
    ff.o(i.f_mkdir) refers to ff.o(i.sync_window) for sync_window
    ff.o(i.f_mkdir) refers to ff.o(i.clust2sect) for clust2sect
    ff.o(i.f_mkdir) refers to ff.o(i.mem_set) for mem_set
    ff.o(i.f_mkdir) refers to ff.o(i.st_clust) for st_clust
    ff.o(i.f_mkdir) refers to ff.o(i.mem_cpy) for mem_cpy
    ff.o(i.f_mkdir) refers to ff.o(i.dir_register) for dir_register
    ff.o(i.f_mkdir) refers to ff.o(i.remove_chain) for remove_chain
    ff.o(i.f_mkdir) refers to ff.o(i.sync_fs) for sync_fs
    ff.o(i.f_mkdir) refers to syscall.o(i.ff_memfree) for ff_memfree
    ff.o(i.f_mkfs) refers to ff.o(i.get_ldnumber) for get_ldnumber
    ff.o(i.f_mkfs) refers to diskio_1.o(i.disk_initialize) for disk_initialize
    ff.o(i.f_mkfs) refers to diskio_1.o(i.disk_ioctl) for disk_ioctl
    ff.o(i.f_mkfs) refers to uidiv.o(.text) for __aeabi_uidivmod
    ff.o(i.f_mkfs) refers to ff.o(i.mem_set) for mem_set
    ff.o(i.f_mkfs) refers to diskio_1.o(i.disk_write) for disk_write
    ff.o(i.f_mkfs) refers to ff.o(i.mem_cpy) for mem_cpy
    ff.o(i.f_mkfs) refers to fatfs.o(i.get_fattime) for get_fattime
    ff.o(i.f_mkfs) refers to ff.o(.data) for .data
    ff.o(i.f_mkfs) refers to ff.o(.constdata) for .constdata
    ff.o(i.f_mount) refers to ff.o(i.get_ldnumber) for get_ldnumber
    ff.o(i.f_mount) refers to ff.o(i.clear_lock) for clear_lock
    ff.o(i.f_mount) refers to ff.o(i.find_volume) for find_volume
    ff.o(i.f_mount) refers to ff.o(.data) for .data
    ff.o(i.f_open) refers to ff.o(i.find_volume) for find_volume
    ff.o(i.f_open) refers to syscall.o(i.ff_memalloc) for ff_memalloc
    ff.o(i.f_open) refers to ff.o(i.follow_path) for follow_path
    ff.o(i.f_open) refers to ff.o(i.chk_lock) for chk_lock
    ff.o(i.f_open) refers to ff.o(i.dir_register) for dir_register
    ff.o(i.f_open) refers to fatfs.o(i.get_fattime) for get_fattime
    ff.o(i.f_open) refers to ff.o(i.ld_clust) for ld_clust
    ff.o(i.f_open) refers to ff.o(i.st_clust) for st_clust
    ff.o(i.f_open) refers to ff.o(i.remove_chain) for remove_chain
    ff.o(i.f_open) refers to ff.o(i.move_window) for move_window
    ff.o(i.f_open) refers to ff.o(i.inc_lock) for inc_lock
    ff.o(i.f_open) refers to syscall.o(i.ff_memfree) for ff_memfree
    ff.o(i.f_open) refers to uread4.o(.text) for __aeabi_uread4
    ff.o(i.f_open) refers to ff.o(.data) for .data
    ff.o(i.f_open) refers to ff.o(.bss) for .bss
    ff.o(i.f_opendir) refers to ff.o(i.find_volume) for find_volume
    ff.o(i.f_opendir) refers to syscall.o(i.ff_memalloc) for ff_memalloc
    ff.o(i.f_opendir) refers to ff.o(i.follow_path) for follow_path
    ff.o(i.f_opendir) refers to syscall.o(i.ff_memfree) for ff_memfree
    ff.o(i.f_opendir) refers to ff.o(i.ld_clust) for ld_clust
    ff.o(i.f_opendir) refers to ff.o(i.dir_sdi) for dir_sdi
    ff.o(i.f_opendir) refers to ff.o(i.inc_lock) for inc_lock
    ff.o(i.f_printf) refers to ff.o(i.putc_bfd) for putc_bfd
    ff.o(i.f_printf) refers to uidiv.o(.text) for __aeabi_uidivmod
    ff.o(i.f_printf) refers to ff.o(i.f_write) for f_write
    ff.o(i.f_putc) refers to ff.o(i.putc_bfd) for putc_bfd
    ff.o(i.f_putc) refers to ff.o(i.f_write) for f_write
    ff.o(i.f_puts) refers to ff.o(i.putc_bfd) for putc_bfd
    ff.o(i.f_puts) refers to ff.o(i.f_write) for f_write
    ff.o(i.f_read) refers to ff.o(i.validate) for validate
    ff.o(i.f_read) refers to ff.o(i.clmt_clust) for clmt_clust
    ff.o(i.f_read) refers to ff.o(i.get_fat) for get_fat
    ff.o(i.f_read) refers to ff.o(i.clust2sect) for clust2sect
    ff.o(i.f_read) refers to diskio_1.o(i.disk_read) for disk_read
    ff.o(i.f_read) refers to ff.o(i.mem_cpy) for mem_cpy
    ff.o(i.f_read) refers to diskio_1.o(i.disk_write) for disk_write
    ff.o(i.f_readdir) refers to ff.o(i.validate) for validate
    ff.o(i.f_readdir) refers to syscall.o(i.ff_memalloc) for ff_memalloc
    ff.o(i.f_readdir) refers to ff.o(i.dir_read) for dir_read
    ff.o(i.f_readdir) refers to ff.o(i.dir_sdi) for dir_sdi
    ff.o(i.f_readdir) refers to ff.o(i.get_fileinfo) for get_fileinfo
    ff.o(i.f_readdir) refers to ff.o(i.dir_next) for dir_next
    ff.o(i.f_readdir) refers to syscall.o(i.ff_memfree) for ff_memfree
    ff.o(i.f_rename) refers to ff.o(i.find_volume) for find_volume
    ff.o(i.f_rename) refers to syscall.o(i.ff_memalloc) for ff_memalloc
    ff.o(i.f_rename) refers to ff.o(i.follow_path) for follow_path
    ff.o(i.f_rename) refers to ff.o(i.chk_lock) for chk_lock
    ff.o(i.f_rename) refers to ff.o(i.mem_cpy) for mem_cpy
    ff.o(i.f_rename) refers to ff.o(i.get_ldnumber) for get_ldnumber
    ff.o(i.f_rename) refers to ff.o(i.dir_register) for dir_register
    ff.o(i.f_rename) refers to ff.o(i.ld_clust) for ld_clust
    ff.o(i.f_rename) refers to ff.o(i.clust2sect) for clust2sect
    ff.o(i.f_rename) refers to ff.o(i.move_window) for move_window
    ff.o(i.f_rename) refers to ff.o(i.st_clust) for st_clust
    ff.o(i.f_rename) refers to ff.o(i.dir_remove) for dir_remove
    ff.o(i.f_rename) refers to ff.o(i.sync_fs) for sync_fs
    ff.o(i.f_rename) refers to syscall.o(i.ff_memfree) for ff_memfree
    ff.o(i.f_stat) refers to ff.o(i.find_volume) for find_volume
    ff.o(i.f_stat) refers to syscall.o(i.ff_memalloc) for ff_memalloc
    ff.o(i.f_stat) refers to ff.o(i.follow_path) for follow_path
    ff.o(i.f_stat) refers to ff.o(i.get_fileinfo) for get_fileinfo
    ff.o(i.f_stat) refers to syscall.o(i.ff_memfree) for ff_memfree
    ff.o(i.f_sync) refers to ff.o(i.validate) for validate
    ff.o(i.f_sync) refers to diskio_1.o(i.disk_write) for disk_write
    ff.o(i.f_sync) refers to ff.o(i.move_window) for move_window
    ff.o(i.f_sync) refers to ff.o(i.st_clust) for st_clust
    ff.o(i.f_sync) refers to fatfs.o(i.get_fattime) for get_fattime
    ff.o(i.f_sync) refers to ff.o(i.sync_fs) for sync_fs
    ff.o(i.f_truncate) refers to ff.o(i.validate) for validate
    ff.o(i.f_truncate) refers to ff.o(i.get_fat) for get_fat
    ff.o(i.f_truncate) refers to ff.o(i.remove_chain) for remove_chain
    ff.o(i.f_truncate) refers to ff.o(i.put_fat) for put_fat
    ff.o(i.f_truncate) refers to diskio_1.o(i.disk_write) for disk_write
    ff.o(i.f_unlink) refers to ff.o(i.find_volume) for find_volume
    ff.o(i.f_unlink) refers to syscall.o(i.ff_memalloc) for ff_memalloc
    ff.o(i.f_unlink) refers to ff.o(i.follow_path) for follow_path
    ff.o(i.f_unlink) refers to ff.o(i.chk_lock) for chk_lock
    ff.o(i.f_unlink) refers to ff.o(i.ld_clust) for ld_clust
    ff.o(i.f_unlink) refers to ff.o(i.mem_cpy) for mem_cpy
    ff.o(i.f_unlink) refers to ff.o(i.dir_sdi) for dir_sdi
    ff.o(i.f_unlink) refers to ff.o(i.dir_read) for dir_read
    ff.o(i.f_unlink) refers to ff.o(i.dir_remove) for dir_remove
    ff.o(i.f_unlink) refers to ff.o(i.remove_chain) for remove_chain
    ff.o(i.f_unlink) refers to ff.o(i.sync_fs) for sync_fs
    ff.o(i.f_unlink) refers to syscall.o(i.ff_memfree) for ff_memfree
    ff.o(i.f_utime) refers to ff.o(i.find_volume) for find_volume
    ff.o(i.f_utime) refers to syscall.o(i.ff_memalloc) for ff_memalloc
    ff.o(i.f_utime) refers to ff.o(i.follow_path) for follow_path
    ff.o(i.f_utime) refers to syscall.o(i.ff_memfree) for ff_memfree
    ff.o(i.f_utime) refers to ff.o(i.sync_fs) for sync_fs
    ff.o(i.f_write) refers to ff.o(i.validate) for validate
    ff.o(i.f_write) refers to ff.o(i.clmt_clust) for clmt_clust
    ff.o(i.f_write) refers to ff.o(i.create_chain) for create_chain
    ff.o(i.f_write) refers to diskio_1.o(i.disk_write) for disk_write
    ff.o(i.f_write) refers to ff.o(i.clust2sect) for clust2sect
    ff.o(i.f_write) refers to ff.o(i.mem_cpy) for mem_cpy
    ff.o(i.f_write) refers to diskio_1.o(i.disk_read) for disk_read
    ff.o(i.find_volume) refers to ff.o(i.get_ldnumber) for get_ldnumber
    ff.o(i.find_volume) refers to diskio_1.o(i.disk_status) for disk_status
    ff.o(i.find_volume) refers to diskio_1.o(i.disk_initialize) for disk_initialize
    ff.o(i.find_volume) refers to ff.o(i.check_fs) for check_fs
    ff.o(i.find_volume) refers to uread4.o(.text) for __aeabi_uread4
    ff.o(i.find_volume) refers to uidiv.o(.text) for __aeabi_uidivmod
    ff.o(i.find_volume) refers to ff.o(i.move_window) for move_window
    ff.o(i.find_volume) refers to ff.o(i.clear_lock) for clear_lock
    ff.o(i.find_volume) refers to ff.o(.data) for .data
    ff.o(i.fit_lfn) refers to ff.o(.constdata) for .constdata
    ff.o(i.follow_path) refers to ff.o(i.dir_sdi) for dir_sdi
    ff.o(i.follow_path) refers to ff.o(i.create_name) for create_name
    ff.o(i.follow_path) refers to ff.o(i.dir_find) for dir_find
    ff.o(i.follow_path) refers to ff.o(i.ld_clust) for ld_clust
    ff.o(i.follow_path) refers to ff.o(.data) for .data
    ff.o(i.gen_numname) refers to ff.o(i.mem_cpy) for mem_cpy
    ff.o(i.get_fat) refers to ff.o(i.move_window) for move_window
    ff.o(i.get_fat) refers to uread4.o(.text) for __aeabi_uread4
    ff.o(i.get_fileinfo) refers to uread4.o(.text) for __aeabi_uread4
    ff.o(i.get_fileinfo) refers to ccsbcs.o(i.ff_convert) for ff_convert
    ff.o(i.inc_lock) refers to ff.o(.bss) for .bss
    ff.o(i.move_window) refers to ff.o(i.sync_window) for sync_window
    ff.o(i.move_window) refers to diskio_1.o(i.disk_read) for disk_read
    ff.o(i.put_fat) refers to ff.o(i.move_window) for move_window
    ff.o(i.put_fat) refers to uread4.o(.text) for __aeabi_uread4
    ff.o(i.putc_bfd) refers to ff.o(i.f_write) for f_write
    ff.o(i.remove_chain) refers to ff.o(i.get_fat) for get_fat
    ff.o(i.remove_chain) refers to ff.o(i.put_fat) for put_fat
    ff.o(i.sync_fs) refers to ff.o(i.sync_window) for sync_window
    ff.o(i.sync_fs) refers to ff.o(i.mem_set) for mem_set
    ff.o(i.sync_fs) refers to diskio_1.o(i.disk_write) for disk_write
    ff.o(i.sync_fs) refers to diskio_1.o(i.disk_ioctl) for disk_ioctl
    ff.o(i.sync_window) refers to diskio_1.o(i.disk_write) for disk_write
    ff.o(i.validate) refers to diskio_1.o(i.disk_status) for disk_status
    ff_gen_drv.o(i.FATFS_GetAttachedDriversNbr) refers to ff_gen_drv.o(.bss) for .bss
    ff_gen_drv.o(i.FATFS_LinkDriver) refers to ff_gen_drv.o(i.FATFS_LinkDriverEx) for FATFS_LinkDriverEx
    ff_gen_drv.o(i.FATFS_LinkDriverEx) refers to ff_gen_drv.o(.bss) for .bss
    ff_gen_drv.o(i.FATFS_UnLinkDriver) refers to ff_gen_drv.o(i.FATFS_UnLinkDriverEx) for FATFS_UnLinkDriverEx
    ff_gen_drv.o(i.FATFS_UnLinkDriverEx) refers to ff_gen_drv.o(.bss) for .bss
    diskio_1.o(i.deselect) refers to stm32f0xx_hal_gpio.o(i.HAL_GPIO_WritePin) for HAL_GPIO_WritePin
    diskio_1.o(i.deselect) refers to diskio_1.o(i.rcvr_mmc) for rcvr_mmc
    diskio_1.o(i.disk_initialize) refers to diskio_1.o(i.dly_us) for dly_us
    diskio_1.o(i.disk_initialize) refers to stm32f0xx_hal_gpio.o(i.HAL_GPIO_WritePin) for HAL_GPIO_WritePin
    diskio_1.o(i.disk_initialize) refers to diskio_1.o(i.rcvr_mmc) for rcvr_mmc
    diskio_1.o(i.disk_initialize) refers to diskio_1.o(i.send_cmd) for send_cmd
    diskio_1.o(i.disk_initialize) refers to diskio_1.o(i.deselect) for deselect
    diskio_1.o(i.disk_initialize) refers to diskio_1.o(.data) for .data
    diskio_1.o(i.disk_ioctl) refers to diskio_1.o(i.disk_status) for disk_status
    diskio_1.o(i.disk_ioctl) refers to diskio_1.o(i.deselect) for deselect
    diskio_1.o(i.disk_ioctl) refers to diskio_1.o(i.select) for select
    diskio_1.o(i.disk_ioctl) refers to diskio_1.o(i.send_cmd) for send_cmd
    diskio_1.o(i.disk_ioctl) refers to diskio_1.o(i.rcvr_datablock) for rcvr_datablock
    diskio_1.o(i.disk_read) refers to diskio_1.o(i.disk_status) for disk_status
    diskio_1.o(i.disk_read) refers to diskio_1.o(i.send_cmd) for send_cmd
    diskio_1.o(i.disk_read) refers to diskio_1.o(i.rcvr_datablock) for rcvr_datablock
    diskio_1.o(i.disk_read) refers to diskio_1.o(i.deselect) for deselect
    diskio_1.o(i.disk_read) refers to diskio_1.o(.data) for .data
    diskio_1.o(i.disk_status) refers to diskio_1.o(.data) for .data
    diskio_1.o(i.disk_write) refers to diskio_1.o(i.disk_status) for disk_status
    diskio_1.o(i.disk_write) refers to diskio_1.o(i.send_cmd) for send_cmd
    diskio_1.o(i.disk_write) refers to diskio_1.o(i.xmit_datablock) for xmit_datablock
    diskio_1.o(i.disk_write) refers to diskio_1.o(i.deselect) for deselect
    diskio_1.o(i.disk_write) refers to diskio_1.o(.data) for .data
    diskio_1.o(i.rcvr_datablock) refers to diskio_1.o(i.rcvr_mmc) for rcvr_mmc
    diskio_1.o(i.rcvr_datablock) refers to diskio_1.o(i.dly_us) for dly_us
    diskio_1.o(i.rcvr_mmc) refers to stm32f0xx_hal_gpio.o(i.HAL_GPIO_WritePin) for HAL_GPIO_WritePin
    diskio_1.o(i.rcvr_mmc) refers to stm32f0xx_hal_gpio.o(i.HAL_GPIO_ReadPin) for HAL_GPIO_ReadPin
    diskio_1.o(i.select) refers to stm32f0xx_hal_gpio.o(i.HAL_GPIO_WritePin) for HAL_GPIO_WritePin
    diskio_1.o(i.select) refers to diskio_1.o(i.rcvr_mmc) for rcvr_mmc
    diskio_1.o(i.select) refers to diskio_1.o(i.wait_ready) for wait_ready
    diskio_1.o(i.select) refers to diskio_1.o(i.deselect) for deselect
    diskio_1.o(i.send_cmd) refers to diskio_1.o(i.deselect) for deselect
    diskio_1.o(i.send_cmd) refers to diskio_1.o(i.select) for select
    diskio_1.o(i.send_cmd) refers to diskio_1.o(i.xmit_mmc) for xmit_mmc
    diskio_1.o(i.send_cmd) refers to diskio_1.o(i.rcvr_mmc) for rcvr_mmc
    diskio_1.o(i.wait_ready) refers to diskio_1.o(i.rcvr_mmc) for rcvr_mmc
    diskio_1.o(i.wait_ready) refers to diskio_1.o(i.dly_us) for dly_us
    diskio_1.o(i.xmit_datablock) refers to diskio_1.o(i.wait_ready) for wait_ready
    diskio_1.o(i.xmit_datablock) refers to diskio_1.o(i.xmit_mmc) for xmit_mmc
    diskio_1.o(i.xmit_datablock) refers to diskio_1.o(i.rcvr_mmc) for rcvr_mmc
    diskio_1.o(i.xmit_mmc) refers to stm32f0xx_hal_gpio.o(i.HAL_GPIO_WritePin) for HAL_GPIO_WritePin
    fatfs.o(i.MX_FATFS_Init) refers to ff_gen_drv.o(i.FATFS_LinkDriver) for FATFS_LinkDriver
    fatfs.o(i.MX_FATFS_Init) refers to fatfs.o(.data) for .data
    fatfs.o(i.MX_FATFS_Init) refers to user_diskio.o(.data) for USER_Driver
    main.o(i.MX_GPIO_Init) refers to stm32f0xx_hal_gpio.o(i.HAL_GPIO_Init) for HAL_GPIO_Init
    main.o(i.MX_SPI1_Init) refers to stm32f0xx_hal_spi.o(i.HAL_SPI_Init) for HAL_SPI_Init
    main.o(i.MX_SPI1_Init) refers to main.o(.bss) for .bss
    main.o(i.SystemClock_Config) refers to stm32f0xx_hal_rcc.o(i.HAL_RCC_OscConfig) for HAL_RCC_OscConfig
    main.o(i.SystemClock_Config) refers to stm32f0xx_hal_rcc.o(i.HAL_RCC_ClockConfig) for HAL_RCC_ClockConfig
    main.o(i.SystemClock_Config) refers to stm32f0xx_hal_rcc.o(i.HAL_RCC_GetHCLKFreq) for HAL_RCC_GetHCLKFreq
    main.o(i.SystemClock_Config) refers to uidiv.o(.text) for __aeabi_uidivmod
    main.o(i.SystemClock_Config) refers to stm32f0xx_hal_cortex.o(i.HAL_SYSTICK_Config) for HAL_SYSTICK_Config
    main.o(i.SystemClock_Config) refers to stm32f0xx_hal_cortex.o(i.HAL_SYSTICK_CLKSourceConfig) for HAL_SYSTICK_CLKSourceConfig
    main.o(i.main) refers to stm32f0xx_hal.o(i.HAL_Init) for HAL_Init
    main.o(i.main) refers to main.o(i.SystemClock_Config) for SystemClock_Config
    main.o(i.main) refers to main.o(i.MX_GPIO_Init) for MX_GPIO_Init
    main.o(i.main) refers to main.o(i.MX_SPI1_Init) for MX_SPI1_Init
    main.o(i.main) refers to fatfs.o(i.MX_FATFS_Init) for MX_FATFS_Init
    main.o(i.main) refers to ff.o(i.f_mount) for f_mount
    main.o(i.main) refers to ff.o(i.f_open) for f_open
    main.o(i.main) refers to ff.o(i.f_write) for f_write
    main.o(i.main) refers to ff.o(i.f_close) for f_close
    main.o(i.main) refers to main.o(.data) for .data
    main.o(i.main) refers to main.o(.bss) for .bss
    user_diskio.o(i.USER_initialize) refers to user_diskio.o(.data) for .data
    user_diskio.o(i.USER_status) refers to user_diskio.o(.data) for .data
    user_diskio.o(.data) refers to user_diskio.o(i.USER_initialize) for USER_initialize
    user_diskio.o(.data) refers to user_diskio.o(i.USER_status) for USER_status
    user_diskio.o(.data) refers to user_diskio.o(i.USER_read) for USER_read
    stm32f0xx_it.o(i.SysTick_Handler) refers to stm32f0xx_hal.o(i.HAL_IncTick) for HAL_IncTick
    stm32f0xx_it.o(i.SysTick_Handler) refers to stm32f0xx_hal_cortex.o(i.HAL_SYSTICK_IRQHandler) for HAL_SYSTICK_IRQHandler
    stm32f0xx_hal_msp.o(i.HAL_MspInit) refers to stm32f0xx_hal_cortex.o(i.HAL_NVIC_SetPriority) for HAL_NVIC_SetPriority
    stm32f0xx_hal_msp.o(i.HAL_SPI_MspDeInit) refers to stm32f0xx_hal_gpio.o(i.HAL_GPIO_DeInit) for HAL_GPIO_DeInit
    stm32f0xx_hal_msp.o(i.HAL_SPI_MspInit) refers to stm32f0xx_hal_gpio.o(i.HAL_GPIO_Init) for HAL_GPIO_Init
    startup_stm32f030x8.o(RESET) refers to startup_stm32f030x8.o(STACK) for __initial_sp
    startup_stm32f030x8.o(RESET) refers to startup_stm32f030x8.o(.text) for Reset_Handler
    startup_stm32f030x8.o(RESET) refers to stm32f0xx_it.o(i.SysTick_Handler) for SysTick_Handler
    startup_stm32f030x8.o(.text) refers to system_stm32f0xx.o(i.SystemInit) for SystemInit
    startup_stm32f030x8.o(.text) refers to entry.o(.ARM.Collect$$$$00000000) for __main
    entry.o(.ARM.Collect$$$$00000000) refers (Special) to entry10a.o(.ARM.Collect$$$$0000000D) for __rt_final_cpp
    entry.o(.ARM.Collect$$$$00000000) refers (Special) to entry11a.o(.ARM.Collect$$$$0000000F) for __rt_final_exit
    entry.o(.ARM.Collect$$$$00000000) refers (Special) to entry7b.o(.ARM.Collect$$$$00000008) for _main_clock
    entry.o(.ARM.Collect$$$$00000000) refers (Special) to entry8b.o(.ARM.Collect$$$$0000000A) for _main_cpp_init
    entry.o(.ARM.Collect$$$$00000000) refers (Special) to entry9a.o(.ARM.Collect$$$$0000000B) for _main_init
    entry.o(.ARM.Collect$$$$00000000) refers (Special) to entry5.o(.ARM.Collect$$$$00000004) for _main_scatterload
    entry.o(.ARM.Collect$$$$00000000) refers (Special) to entry2.o(.ARM.Collect$$$$00000001) for _main_stk
    malloc.o(i.free) refers to mvars.o(.data) for __microlib_freelist
    malloc.o(i.malloc) refers to mvars.o(.data) for __microlib_freelist_initialised
    malloc.o(i.malloc) refers to mvars.o(.data) for __microlib_freelist
    malloc.o(i.malloc) refers to startup_stm32f030x8.o(HEAP) for __heap_base
    mallocr.o(i.__free$realloc) refers to mvars.o(.data) for __microlib_freelist
    mallocr.o(i.__malloc$realloc) refers to mallocr.o(i.internal_alloc) for internal_alloc
    mallocr.o(i.__malloc$realloc) refers to mvars.o(.data) for __microlib_freelist_initialised
    mallocr.o(i.__malloc$realloc) refers to startup_stm32f030x8.o(HEAP) for __heap_base
    mallocr.o(i.__malloc$realloc) refers to mvars.o(.data) for __microlib_freelist
    mallocr.o(i.internal_alloc) refers to memcpya.o(.text) for __aeabi_memcpy
    mallocr.o(i.internal_alloc) refers to mvars.o(.data) for __microlib_freelist
    mallocr.o(i.realloc) refers to mallocr.o(i.__free$realloc) for __free$realloc
    mallocr.o(i.realloc) refers to mallocr.o(i.internal_alloc) for internal_alloc
    mallocr.o(i.realloc) refers to mallocr.o(i.__malloc$realloc) for __malloc$realloc
    mallocr.o(i.realloc) refers to mvars.o(.data) for __microlib_freelist
    malloca.o(i.__aligned_malloc) refers to mvars.o(.data) for __microlib_freelist
    malloca.o(i.__aligned_malloc) refers to mvars.o(.data) for __microlib_freelist_initialised
    malloca.o(i.__aligned_malloc) refers to startup_stm32f030x8.o(HEAP) for __heap_base
    malloca.o(i.__free$memalign) refers to mvars.o(.data) for __microlib_freelist
    malloca.o(i.__malloc$memalign) refers to malloca.o(i.__aligned_malloc) for __aligned_malloc
    mallocra.o(i.__aligned_malloc$realloc) refers to mallocra.o(i.internal_alloc) for internal_alloc
    mallocra.o(i.__aligned_malloc$realloc) refers to startup_stm32f030x8.o(HEAP) for __heap_base
    mallocra.o(i.__aligned_malloc$realloc) refers to mvars.o(.data) for __microlib_freelist
    mallocra.o(i.__aligned_malloc$realloc) refers to mvars.o(.data) for __microlib_freelist_initialised
    mallocra.o(i.__free$realloc$memalign) refers to mvars.o(.data) for __microlib_freelist
    mallocra.o(i.__malloc$realloc$memalign) refers to mallocra.o(i.__aligned_malloc$realloc) for __aligned_malloc$realloc
    mallocra.o(i.__realloc$memalign) refers to mallocra.o(i.__free$realloc$memalign) for __free$realloc$memalign
    mallocra.o(i.__realloc$memalign) refers to mallocra.o(i.internal_alloc) for internal_alloc
    mallocra.o(i.__realloc$memalign) refers to mallocra.o(i.__malloc$realloc$memalign) for __malloc$realloc$memalign
    mallocra.o(i.__realloc$memalign) refers to mvars.o(.data) for __microlib_freelist
    mallocra.o(i.internal_alloc) refers to memcpya.o(.text) for __aeabi_memcpy
    mallocra.o(i.internal_alloc) refers to mvars.o(.data) for __microlib_freelist
    entry2.o(.ARM.Collect$$$$00000001) refers to entry2.o(.ARM.Collect$$$$00002712) for __lit__00000000
    entry2.o(.ARM.Collect$$$$00002712) refers to startup_stm32f030x8.o(STACK) for __initial_sp
    entry2.o(__vectab_stack_and_reset_area) refers to startup_stm32f030x8.o(STACK) for __initial_sp
    entry2.o(__vectab_stack_and_reset_area) refers to entry.o(.ARM.Collect$$$$00000000) for __main
    entry5.o(.ARM.Collect$$$$00000004) refers to init.o(.text) for __scatterload
    entry9a.o(.ARM.Collect$$$$0000000B) refers to main.o(i.main) for main
    entry9b.o(.ARM.Collect$$$$0000000C) refers to main.o(i.main) for main
    init.o(.text) refers to entry5.o(.ARM.Collect$$$$00000004) for __main_after_scatterload


==============================================================================

Removing Unused input sections from the image.

    Removing system_stm32f0xx.o(.rev16_text), (4 bytes).
    Removing system_stm32f0xx.o(.revsh_text), (4 bytes).
    Removing system_stm32f0xx.o(i.SystemCoreClockUpdate), (108 bytes).
    Removing stm32f0xx_hal_spi_ex.o(.rev16_text), (4 bytes).
    Removing stm32f0xx_hal_spi_ex.o(.revsh_text), (4 bytes).
    Removing stm32f0xx_hal_spi_ex.o(i.HAL_SPIEx_FlushRxFifo), (36 bytes).
    Removing stm32f0xx_hal_spi.o(.rev16_text), (4 bytes).
    Removing stm32f0xx_hal_spi.o(.revsh_text), (4 bytes).
    Removing stm32f0xx_hal_spi.o(i.HAL_SPI_DMAPause), (34 bytes).
    Removing stm32f0xx_hal_spi.o(i.HAL_SPI_DMAResume), (34 bytes).
    Removing stm32f0xx_hal_spi.o(i.HAL_SPI_DMAStop), (44 bytes).
    Removing stm32f0xx_hal_spi.o(i.HAL_SPI_DeInit), (48 bytes).
    Removing stm32f0xx_hal_spi.o(i.HAL_SPI_ErrorCallback), (2 bytes).
    Removing stm32f0xx_hal_spi.o(i.HAL_SPI_GetError), (4 bytes).
    Removing stm32f0xx_hal_spi.o(i.HAL_SPI_GetState), (6 bytes).
    Removing stm32f0xx_hal_spi.o(i.HAL_SPI_IRQHandler), (138 bytes).
    Removing stm32f0xx_hal_spi.o(i.HAL_SPI_MspDeInit), (2 bytes).
    Removing stm32f0xx_hal_spi.o(i.HAL_SPI_MspInit), (2 bytes).
    Removing stm32f0xx_hal_spi.o(i.HAL_SPI_Receive), (560 bytes).
    Removing stm32f0xx_hal_spi.o(i.HAL_SPI_Receive_DMA), (276 bytes).
    Removing stm32f0xx_hal_spi.o(i.HAL_SPI_Receive_IT), (252 bytes).
    Removing stm32f0xx_hal_spi.o(i.HAL_SPI_RxCpltCallback), (2 bytes).
    Removing stm32f0xx_hal_spi.o(i.HAL_SPI_RxHalfCpltCallback), (2 bytes).
    Removing stm32f0xx_hal_spi.o(i.HAL_SPI_Transmit), (372 bytes).
    Removing stm32f0xx_hal_spi.o(i.HAL_SPI_TransmitReceive), (664 bytes).
    Removing stm32f0xx_hal_spi.o(i.HAL_SPI_TransmitReceive_DMA), (424 bytes).
    Removing stm32f0xx_hal_spi.o(i.HAL_SPI_TransmitReceive_IT), (276 bytes).
    Removing stm32f0xx_hal_spi.o(i.HAL_SPI_Transmit_DMA), (260 bytes).
    Removing stm32f0xx_hal_spi.o(i.HAL_SPI_Transmit_IT), (180 bytes).
    Removing stm32f0xx_hal_spi.o(i.HAL_SPI_TxCpltCallback), (2 bytes).
    Removing stm32f0xx_hal_spi.o(i.HAL_SPI_TxHalfCpltCallback), (2 bytes).
    Removing stm32f0xx_hal_spi.o(i.HAL_SPI_TxRxCpltCallback), (2 bytes).
    Removing stm32f0xx_hal_spi.o(i.HAL_SPI_TxRxHalfCpltCallback), (2 bytes).
    Removing stm32f0xx_hal_spi.o(i.SPI_2linesRxISR_16BIT), (76 bytes).
    Removing stm32f0xx_hal_spi.o(i.SPI_2linesRxISR_16BITCRC), (26 bytes).
    Removing stm32f0xx_hal_spi.o(i.SPI_2linesRxISR_8BIT), (120 bytes).
    Removing stm32f0xx_hal_spi.o(i.SPI_2linesRxISR_8BITCRC), (40 bytes).
    Removing stm32f0xx_hal_spi.o(i.SPI_2linesTxISR_16BIT), (74 bytes).
    Removing stm32f0xx_hal_spi.o(i.SPI_2linesTxISR_8BIT), (94 bytes).
    Removing stm32f0xx_hal_spi.o(i.SPI_CloseRxTx_ISR), (108 bytes).
    Removing stm32f0xx_hal_spi.o(i.SPI_CloseRx_ISR), (92 bytes).
    Removing stm32f0xx_hal_spi.o(i.SPI_CloseTx_ISR), (74 bytes).
    Removing stm32f0xx_hal_spi.o(i.SPI_DMAError), (34 bytes).
    Removing stm32f0xx_hal_spi.o(i.SPI_DMAHalfReceiveCplt), (10 bytes).
    Removing stm32f0xx_hal_spi.o(i.SPI_DMAHalfTransmitCplt), (10 bytes).
    Removing stm32f0xx_hal_spi.o(i.SPI_DMAHalfTransmitReceiveCplt), (10 bytes).
    Removing stm32f0xx_hal_spi.o(i.SPI_DMAReceiveCplt), (204 bytes).
    Removing stm32f0xx_hal_spi.o(i.SPI_DMATransmitCplt), (84 bytes).
    Removing stm32f0xx_hal_spi.o(i.SPI_DMATransmitReceiveCplt), (200 bytes).
    Removing stm32f0xx_hal_spi.o(i.SPI_EndRxTransaction), (110 bytes).
    Removing stm32f0xx_hal_spi.o(i.SPI_EndRxTxTransaction), (50 bytes).
    Removing stm32f0xx_hal_spi.o(i.SPI_RxISR_16BIT), (80 bytes).
    Removing stm32f0xx_hal_spi.o(i.SPI_RxISR_16BITCRC), (26 bytes).
    Removing stm32f0xx_hal_spi.o(i.SPI_RxISR_8BIT), (80 bytes).
    Removing stm32f0xx_hal_spi.o(i.SPI_RxISR_8BITCRC), (26 bytes).
    Removing stm32f0xx_hal_spi.o(i.SPI_TxISR_16BIT), (56 bytes).
    Removing stm32f0xx_hal_spi.o(i.SPI_TxISR_8BIT), (54 bytes).
    Removing stm32f0xx_hal_spi.o(i.SPI_WaitFifoStateUntilTimeout), (164 bytes).
    Removing stm32f0xx_hal_spi.o(i.SPI_WaitFlagStateUntilTimeout), (144 bytes).
    Removing stm32f0xx_hal_cortex.o(.rev16_text), (4 bytes).
    Removing stm32f0xx_hal_cortex.o(.revsh_text), (4 bytes).
    Removing stm32f0xx_hal_cortex.o(i.HAL_NVIC_ClearPendingIRQ), (20 bytes).
    Removing stm32f0xx_hal_cortex.o(i.HAL_NVIC_DisableIRQ), (20 bytes).
    Removing stm32f0xx_hal_cortex.o(i.HAL_NVIC_EnableIRQ), (20 bytes).
    Removing stm32f0xx_hal_cortex.o(i.HAL_NVIC_GetPendingIRQ), (28 bytes).
    Removing stm32f0xx_hal_cortex.o(i.HAL_NVIC_GetPriority), (52 bytes).
    Removing stm32f0xx_hal_cortex.o(i.HAL_NVIC_SetPendingIRQ), (20 bytes).
    Removing stm32f0xx_hal_cortex.o(i.HAL_NVIC_SystemReset), (28 bytes).
    Removing stm32f0xx_hal_rcc.o(.rev16_text), (4 bytes).
    Removing stm32f0xx_hal_rcc.o(.revsh_text), (4 bytes).
    Removing stm32f0xx_hal_rcc.o(i.HAL_RCC_CSSCallback), (2 bytes).
    Removing stm32f0xx_hal_rcc.o(i.HAL_RCC_DeInit), (60 bytes).
    Removing stm32f0xx_hal_rcc.o(i.HAL_RCC_DisableCSS), (20 bytes).
    Removing stm32f0xx_hal_rcc.o(i.HAL_RCC_EnableCSS), (20 bytes).
    Removing stm32f0xx_hal_rcc.o(i.HAL_RCC_GetClockConfig), (56 bytes).
    Removing stm32f0xx_hal_rcc.o(i.HAL_RCC_GetOscConfig), (160 bytes).
    Removing stm32f0xx_hal_rcc.o(i.HAL_RCC_GetPCLK1Freq), (32 bytes).
    Removing stm32f0xx_hal_rcc.o(i.HAL_RCC_MCOConfig), (72 bytes).
    Removing stm32f0xx_hal_rcc.o(i.HAL_RCC_NMI_IRQHandler), (24 bytes).
    Removing stm32f0xx_hal_flash_ex.o(.rev16_text), (4 bytes).
    Removing stm32f0xx_hal_flash_ex.o(.revsh_text), (4 bytes).
    Removing stm32f0xx_hal_flash_ex.o(i.FLASH_MassErase), (36 bytes).
    Removing stm32f0xx_hal_flash_ex.o(i.FLASH_OB_DisableWRP), (108 bytes).
    Removing stm32f0xx_hal_flash_ex.o(i.FLASH_OB_EnableWRP), (108 bytes).
    Removing stm32f0xx_hal_flash_ex.o(i.FLASH_OB_GetRDP), (28 bytes).
    Removing stm32f0xx_hal_flash_ex.o(i.FLASH_OB_RDP_LevelConfig), (96 bytes).
    Removing stm32f0xx_hal_flash_ex.o(i.FLASH_PageErase), (36 bytes).
    Removing stm32f0xx_hal_flash_ex.o(i.HAL_FLASHEx_Erase), (160 bytes).
    Removing stm32f0xx_hal_flash_ex.o(i.HAL_FLASHEx_Erase_IT), (88 bytes).
    Removing stm32f0xx_hal_flash_ex.o(i.HAL_FLASHEx_OBErase), (80 bytes).
    Removing stm32f0xx_hal_flash_ex.o(i.HAL_FLASHEx_OBGetConfig), (36 bytes).
    Removing stm32f0xx_hal_flash_ex.o(i.HAL_FLASHEx_OBProgram), (164 bytes).
    Removing stm32f0xx_hal_dma.o(.rev16_text), (4 bytes).
    Removing stm32f0xx_hal_dma.o(.revsh_text), (4 bytes).
    Removing stm32f0xx_hal_dma.o(i.DMA_SetConfig), (30 bytes).
    Removing stm32f0xx_hal_dma.o(i.HAL_DMA_Abort), (76 bytes).
    Removing stm32f0xx_hal_dma.o(i.HAL_DMA_DeInit), (216 bytes).
    Removing stm32f0xx_hal_dma.o(i.HAL_DMA_GetError), (4 bytes).
    Removing stm32f0xx_hal_dma.o(i.HAL_DMA_GetState), (6 bytes).
    Removing stm32f0xx_hal_dma.o(i.HAL_DMA_IRQHandler), (476 bytes).
    Removing stm32f0xx_hal_dma.o(i.HAL_DMA_Init), (84 bytes).
    Removing stm32f0xx_hal_dma.o(i.HAL_DMA_PollForTransfer), (452 bytes).
    Removing stm32f0xx_hal_dma.o(i.HAL_DMA_Start), (50 bytes).
    Removing stm32f0xx_hal_dma.o(i.HAL_DMA_Start_IT), (78 bytes).
    Removing stm32f0xx_hal_pwr.o(.rev16_text), (4 bytes).
    Removing stm32f0xx_hal_pwr.o(.revsh_text), (4 bytes).
    Removing stm32f0xx_hal_pwr.o(i.HAL_PWR_DeInit), (24 bytes).
    Removing stm32f0xx_hal_pwr.o(i.HAL_PWR_DisableBkUpAccess), (16 bytes).
    Removing stm32f0xx_hal_pwr.o(i.HAL_PWR_DisableSEVOnPend), (16 bytes).
    Removing stm32f0xx_hal_pwr.o(i.HAL_PWR_DisableSleepOnExit), (16 bytes).
    Removing stm32f0xx_hal_pwr.o(i.HAL_PWR_DisableWakeUpPin), (20 bytes).
    Removing stm32f0xx_hal_pwr.o(i.HAL_PWR_EnableBkUpAccess), (16 bytes).
    Removing stm32f0xx_hal_pwr.o(i.HAL_PWR_EnableSEVOnPend), (16 bytes).
    Removing stm32f0xx_hal_pwr.o(i.HAL_PWR_EnableSleepOnExit), (16 bytes).
    Removing stm32f0xx_hal_pwr.o(i.HAL_PWR_EnableWakeUpPin), (20 bytes).
    Removing stm32f0xx_hal_pwr.o(i.HAL_PWR_EnterSLEEPMode), (32 bytes).
    Removing stm32f0xx_hal_pwr.o(i.HAL_PWR_EnterSTANDBYMode), (32 bytes).
    Removing stm32f0xx_hal_pwr.o(i.HAL_PWR_EnterSTOPMode), (52 bytes).
    Removing stm32f0xx_hal_flash.o(.rev16_text), (4 bytes).
    Removing stm32f0xx_hal_flash.o(.revsh_text), (4 bytes).
    Removing stm32f0xx_hal_flash.o(i.FLASH_Program_HalfWord), (32 bytes).
    Removing stm32f0xx_hal_flash.o(i.FLASH_SetErrorCode), (48 bytes).
    Removing stm32f0xx_hal_flash.o(i.FLASH_WaitForLastOperation), (80 bytes).
    Removing stm32f0xx_hal_flash.o(i.HAL_FLASH_EndOfOperationCallback), (2 bytes).
    Removing stm32f0xx_hal_flash.o(i.HAL_FLASH_GetError), (12 bytes).
    Removing stm32f0xx_hal_flash.o(i.HAL_FLASH_IRQHandler), (252 bytes).
    Removing stm32f0xx_hal_flash.o(i.HAL_FLASH_Lock), (20 bytes).
    Removing stm32f0xx_hal_flash.o(i.HAL_FLASH_OB_Launch), (32 bytes).
    Removing stm32f0xx_hal_flash.o(i.HAL_FLASH_OB_Lock), (20 bytes).
    Removing stm32f0xx_hal_flash.o(i.HAL_FLASH_OB_Unlock), (36 bytes).
    Removing stm32f0xx_hal_flash.o(i.HAL_FLASH_OperationErrorCallback), (2 bytes).
    Removing stm32f0xx_hal_flash.o(i.HAL_FLASH_Program), (124 bytes).
    Removing stm32f0xx_hal_flash.o(i.HAL_FLASH_Program_IT), (100 bytes).
    Removing stm32f0xx_hal_flash.o(i.HAL_FLASH_Unlock), (36 bytes).
    Removing stm32f0xx_hal_flash.o(.bss), (32 bytes).
    Removing stm32f0xx_hal_gpio.o(.rev16_text), (4 bytes).
    Removing stm32f0xx_hal_gpio.o(.revsh_text), (4 bytes).
    Removing stm32f0xx_hal_gpio.o(i.HAL_GPIO_DeInit), (212 bytes).
    Removing stm32f0xx_hal_gpio.o(i.HAL_GPIO_EXTI_Callback), (2 bytes).
    Removing stm32f0xx_hal_gpio.o(i.HAL_GPIO_EXTI_IRQHandler), (24 bytes).
    Removing stm32f0xx_hal_gpio.o(i.HAL_GPIO_LockPin), (36 bytes).
    Removing stm32f0xx_hal_gpio.o(i.HAL_GPIO_TogglePin), (8 bytes).
    Removing stm32f0xx_hal_pwr_ex.o(.rev16_text), (4 bytes).
    Removing stm32f0xx_hal_pwr_ex.o(.revsh_text), (4 bytes).
    Removing stm32f0xx_hal_rcc_ex.o(.rev16_text), (4 bytes).
    Removing stm32f0xx_hal_rcc_ex.o(.revsh_text), (4 bytes).
    Removing stm32f0xx_hal_rcc_ex.o(i.HAL_RCCEx_GetPeriphCLKConfig), (44 bytes).
    Removing stm32f0xx_hal_rcc_ex.o(i.HAL_RCCEx_GetPeriphCLKFreq), (156 bytes).
    Removing stm32f0xx_hal_rcc_ex.o(i.HAL_RCCEx_PeriphCLKConfig), (200 bytes).
    Removing stm32f0xx_hal.o(.rev16_text), (4 bytes).
    Removing stm32f0xx_hal.o(.revsh_text), (4 bytes).
    Removing stm32f0xx_hal.o(i.HAL_DBGMCU_DisableDBGStandbyMode), (16 bytes).
    Removing stm32f0xx_hal.o(i.HAL_DBGMCU_DisableDBGStopMode), (16 bytes).
    Removing stm32f0xx_hal.o(i.HAL_DBGMCU_EnableDBGStandbyMode), (16 bytes).
    Removing stm32f0xx_hal.o(i.HAL_DBGMCU_EnableDBGStopMode), (16 bytes).
    Removing stm32f0xx_hal.o(i.HAL_DeInit), (36 bytes).
    Removing stm32f0xx_hal.o(i.HAL_Delay), (22 bytes).
    Removing stm32f0xx_hal.o(i.HAL_GetDEVID), (16 bytes).
    Removing stm32f0xx_hal.o(i.HAL_GetHalVersion), (8 bytes).
    Removing stm32f0xx_hal.o(i.HAL_GetREVID), (12 bytes).
    Removing stm32f0xx_hal.o(i.HAL_MspDeInit), (2 bytes).
    Removing stm32f0xx_hal.o(i.HAL_MspInit), (2 bytes).
    Removing stm32f0xx_hal.o(i.HAL_ResumeTick), (16 bytes).
    Removing stm32f0xx_hal.o(i.HAL_SuspendTick), (16 bytes).
    Removing ccsbcs.o(.rev16_text), (4 bytes).
    Removing ccsbcs.o(.revsh_text), (4 bytes).
    Removing syscall.o(.rev16_text), (4 bytes).
    Removing syscall.o(.revsh_text), (4 bytes).
    Removing ff.o(.rev16_text), (4 bytes).
    Removing ff.o(.revsh_text), (4 bytes).
    Removing ff.o(i.dir_read), (276 bytes).
    Removing ff.o(i.dir_remove), (104 bytes).
    Removing ff.o(i.f_chmod), (120 bytes).
    Removing ff.o(i.f_closedir), (40 bytes).
    Removing ff.o(i.f_getfree), (244 bytes).
    Removing ff.o(i.f_gets), (72 bytes).
    Removing ff.o(i.f_lseek), (610 bytes).
    Removing ff.o(i.f_mkdir), (394 bytes).
    Removing ff.o(i.f_mkfs), (1322 bytes).
    Removing ff.o(i.f_opendir), (176 bytes).
    Removing ff.o(i.f_printf), (488 bytes).
    Removing ff.o(i.f_putc), (62 bytes).
    Removing ff.o(i.f_puts), (72 bytes).
    Removing ff.o(i.f_read), (384 bytes).
    Removing ff.o(i.f_readdir), (124 bytes).
    Removing ff.o(i.f_rename), (334 bytes).
    Removing ff.o(i.f_stat), (94 bytes).
    Removing ff.o(i.f_truncate), (200 bytes).
    Removing ff.o(i.f_unlink), (214 bytes).
    Removing ff.o(i.f_utime), (124 bytes).
    Removing ff.o(i.get_fileinfo), (204 bytes).
    Removing ff.o(i.putc_bfd), (70 bytes).
    Removing ff_gen_drv.o(.rev16_text), (4 bytes).
    Removing ff_gen_drv.o(.revsh_text), (4 bytes).
    Removing ff_gen_drv.o(i.FATFS_GetAttachedDriversNbr), (12 bytes).
    Removing ff_gen_drv.o(i.FATFS_UnLinkDriver), (10 bytes).
    Removing ff_gen_drv.o(i.FATFS_UnLinkDriverEx), (52 bytes).
    Removing diskio_1.o(.rev16_text), (4 bytes).
    Removing diskio_1.o(.revsh_text), (4 bytes).
    Removing fatfs.o(.rev16_text), (4 bytes).
    Removing fatfs.o(.revsh_text), (4 bytes).
    Removing main.o(.rev16_text), (4 bytes).
    Removing main.o(.revsh_text), (4 bytes).
    Removing main.o(i.delaymain), (6 bytes).
    Removing main.o(.bss), (512 bytes).
    Removing main.o(.data), (16 bytes).
    Removing main.o(.data), (1 bytes).
    Removing main.o(.data), (2 bytes).
    Removing main.o(.data), (2 bytes).
    Removing main.o(.data), (4 bytes).
    Removing main.o(.data), (1 bytes).
    Removing main.o(.data), (4 bytes).
    Removing main.o(.data), (1 bytes).
    Removing main.o(.data), (1 bytes).
    Removing user_diskio.o(.rev16_text), (4 bytes).
    Removing user_diskio.o(.revsh_text), (4 bytes).
    Removing stm32f0xx_it.o(.rev16_text), (4 bytes).
    Removing stm32f0xx_it.o(.revsh_text), (4 bytes).
    Removing stm32f0xx_hal_msp.o(.rev16_text), (4 bytes).
    Removing stm32f0xx_hal_msp.o(.revsh_text), (4 bytes).
    Removing stm32f0xx_hal_msp.o(i.HAL_SPI_MspDeInit), (40 bytes).

221 unused section(s) (total 17382 bytes) removed from the image.

==============================================================================

Image Symbol Table

    Local Symbols

    Symbol Name                              Value     Ov Type        Size  Object(Section)

    ../clib/microlib/division.c              0x00000000   Number         0  uidiv.o ABSOLUTE
    ../clib/microlib/init/entry.s            0x00000000   Number         0  entry11b.o ABSOLUTE
    ../clib/microlib/init/entry.s            0x00000000   Number         0  entry5.o ABSOLUTE
    ../clib/microlib/init/entry.s            0x00000000   Number         0  entry7a.o ABSOLUTE
    ../clib/microlib/init/entry.s            0x00000000   Number         0  entry8b.o ABSOLUTE
    ../clib/microlib/init/entry.s            0x00000000   Number         0  entry7b.o ABSOLUTE
    ../clib/microlib/init/entry.s            0x00000000   Number         0  entry8a.o ABSOLUTE
    ../clib/microlib/init/entry.s            0x00000000   Number         0  entry9a.o ABSOLUTE
    ../clib/microlib/init/entry.s            0x00000000   Number         0  entry9b.o ABSOLUTE
    ../clib/microlib/init/entry.s            0x00000000   Number         0  entry10a.o ABSOLUTE
    ../clib/microlib/init/entry.s            0x00000000   Number         0  entry10b.o ABSOLUTE
    ../clib/microlib/init/entry.s            0x00000000   Number         0  entry.o ABSOLUTE
    ../clib/microlib/init/entry.s            0x00000000   Number         0  entry11a.o ABSOLUTE
    ../clib/microlib/init/entry.s            0x00000000   Number         0  entry2.o ABSOLUTE
    ../clib/microlib/longlong.c              0x00000000   Number         0  llushr.o ABSOLUTE
    ../clib/microlib/malloc/malloc.c         0x00000000   Number         0  mallocra.o ABSOLUTE
    ../clib/microlib/malloc/malloc.c         0x00000000   Number         0  malloca.o ABSOLUTE
    ../clib/microlib/malloc/malloc.c         0x00000000   Number         0  mallocr.o ABSOLUTE
    ../clib/microlib/malloc/malloc.c         0x00000000   Number         0  malloc.o ABSOLUTE
    ../clib/microlib/malloc/mvars.c          0x00000000   Number         0  mvars.o ABSOLUTE
    ../clib/microlib/string/memcpy.c         0x00000000   Number         0  memcpyb.o ABSOLUTE
    ../clib/microlib/string/memcpy.c         0x00000000   Number         0  memcpya.o ABSOLUTE
    ../clib/microlib/unhosted.c              0x00000000   Number         0  uread4.o ABSOLUTE
    ..\Drivers\CMSIS\Device\ST\STM32F0xx\Source\Templates\arm\startup_stm32f030x8.s 0x00000000   Number         0  startup_stm32f030x8.o ABSOLUTE
    ..\Drivers\CMSIS\Device\ST\STM32F0xx\Source\Templates\system_stm32f0xx.c 0x00000000   Number         0  system_stm32f0xx.o ABSOLUTE
    ..\Drivers\STM32F0xx_HAL_Driver\Src\stm32f0xx_hal.c 0x00000000   Number         0  stm32f0xx_hal.o ABSOLUTE
    ..\Drivers\STM32F0xx_HAL_Driver\Src\stm32f0xx_hal_cortex.c 0x00000000   Number         0  stm32f0xx_hal_cortex.o ABSOLUTE
    ..\Drivers\STM32F0xx_HAL_Driver\Src\stm32f0xx_hal_dma.c 0x00000000   Number         0  stm32f0xx_hal_dma.o ABSOLUTE
    ..\Drivers\STM32F0xx_HAL_Driver\Src\stm32f0xx_hal_flash.c 0x00000000   Number         0  stm32f0xx_hal_flash.o ABSOLUTE
    ..\Drivers\STM32F0xx_HAL_Driver\Src\stm32f0xx_hal_flash_ex.c 0x00000000   Number         0  stm32f0xx_hal_flash_ex.o ABSOLUTE
    ..\Drivers\STM32F0xx_HAL_Driver\Src\stm32f0xx_hal_gpio.c 0x00000000   Number         0  stm32f0xx_hal_gpio.o ABSOLUTE
    ..\Drivers\STM32F0xx_HAL_Driver\Src\stm32f0xx_hal_pwr.c 0x00000000   Number         0  stm32f0xx_hal_pwr.o ABSOLUTE
    ..\Drivers\STM32F0xx_HAL_Driver\Src\stm32f0xx_hal_pwr_ex.c 0x00000000   Number         0  stm32f0xx_hal_pwr_ex.o ABSOLUTE
    ..\Drivers\STM32F0xx_HAL_Driver\Src\stm32f0xx_hal_rcc.c 0x00000000   Number         0  stm32f0xx_hal_rcc.o ABSOLUTE
    ..\Drivers\STM32F0xx_HAL_Driver\Src\stm32f0xx_hal_rcc_ex.c 0x00000000   Number         0  stm32f0xx_hal_rcc_ex.o ABSOLUTE
    ..\Drivers\STM32F0xx_HAL_Driver\Src\stm32f0xx_hal_spi.c 0x00000000   Number         0  stm32f0xx_hal_spi.o ABSOLUTE
    ..\Drivers\STM32F0xx_HAL_Driver\Src\stm32f0xx_hal_spi_ex.c 0x00000000   Number         0  stm32f0xx_hal_spi_ex.o ABSOLUTE
    ..\Middlewares\Third_Party\FatFs\src\diskio.c 0x00000000   Number         0  diskio_1.o ABSOLUTE
    ..\Middlewares\Third_Party\FatFs\src\ff.c 0x00000000   Number         0  ff.o ABSOLUTE
    ..\Middlewares\Third_Party\FatFs\src\ff_gen_drv.c 0x00000000   Number         0  ff_gen_drv.o ABSOLUTE
    ..\Middlewares\Third_Party\FatFs\src\option\ccsbcs.c 0x00000000   Number         0  ccsbcs.o ABSOLUTE
    ..\Middlewares\Third_Party\FatFs\src\option\syscall.c 0x00000000   Number         0  syscall.o ABSOLUTE
    ..\Src\fatfs.c                           0x00000000   Number         0  fatfs.o ABSOLUTE
    ..\Src\main.c                            0x00000000   Number         0  main.o ABSOLUTE
    ..\Src\stm32f0xx_hal_msp.c               0x00000000   Number         0  stm32f0xx_hal_msp.o ABSOLUTE
    ..\Src\stm32f0xx_it.c                    0x00000000   Number         0  stm32f0xx_it.o ABSOLUTE
    ..\Src\user_diskio.c                     0x00000000   Number         0  user_diskio.o ABSOLUTE
    ..\\Drivers\\CMSIS\\Device\\ST\\STM32F0xx\\Source\\Templates\\system_stm32f0xx.c 0x00000000   Number         0  system_stm32f0xx.o ABSOLUTE
    ..\\Drivers\\STM32F0xx_HAL_Driver\\Src\\stm32f0xx_hal.c 0x00000000   Number         0  stm32f0xx_hal.o ABSOLUTE
    ..\\Drivers\\STM32F0xx_HAL_Driver\\Src\\stm32f0xx_hal_cortex.c 0x00000000   Number         0  stm32f0xx_hal_cortex.o ABSOLUTE
    ..\\Drivers\\STM32F0xx_HAL_Driver\\Src\\stm32f0xx_hal_dma.c 0x00000000   Number         0  stm32f0xx_hal_dma.o ABSOLUTE
    ..\\Drivers\\STM32F0xx_HAL_Driver\\Src\\stm32f0xx_hal_flash.c 0x00000000   Number         0  stm32f0xx_hal_flash.o ABSOLUTE
    ..\\Drivers\\STM32F0xx_HAL_Driver\\Src\\stm32f0xx_hal_flash_ex.c 0x00000000   Number         0  stm32f0xx_hal_flash_ex.o ABSOLUTE
    ..\\Drivers\\STM32F0xx_HAL_Driver\\Src\\stm32f0xx_hal_gpio.c 0x00000000   Number         0  stm32f0xx_hal_gpio.o ABSOLUTE
    ..\\Drivers\\STM32F0xx_HAL_Driver\\Src\\stm32f0xx_hal_pwr.c 0x00000000   Number         0  stm32f0xx_hal_pwr.o ABSOLUTE
    ..\\Drivers\\STM32F0xx_HAL_Driver\\Src\\stm32f0xx_hal_pwr_ex.c 0x00000000   Number         0  stm32f0xx_hal_pwr_ex.o ABSOLUTE
    ..\\Drivers\\STM32F0xx_HAL_Driver\\Src\\stm32f0xx_hal_rcc.c 0x00000000   Number         0  stm32f0xx_hal_rcc.o ABSOLUTE
    ..\\Drivers\\STM32F0xx_HAL_Driver\\Src\\stm32f0xx_hal_rcc_ex.c 0x00000000   Number         0  stm32f0xx_hal_rcc_ex.o ABSOLUTE
    ..\\Drivers\\STM32F0xx_HAL_Driver\\Src\\stm32f0xx_hal_spi.c 0x00000000   Number         0  stm32f0xx_hal_spi.o ABSOLUTE
    ..\\Drivers\\STM32F0xx_HAL_Driver\\Src\\stm32f0xx_hal_spi_ex.c 0x00000000   Number         0  stm32f0xx_hal_spi_ex.o ABSOLUTE
    ..\\Middlewares\\Third_Party\\FatFs\\src\\diskio.c 0x00000000   Number         0  diskio_1.o ABSOLUTE
    ..\\Middlewares\\Third_Party\\FatFs\\src\\ff.c 0x00000000   Number         0  ff.o ABSOLUTE
    ..\\Middlewares\\Third_Party\\FatFs\\src\\ff_gen_drv.c 0x00000000   Number         0  ff_gen_drv.o ABSOLUTE
    ..\\Middlewares\\Third_Party\\FatFs\\src\\option\\ccsbcs.c 0x00000000   Number         0  ccsbcs.o ABSOLUTE
    ..\\Middlewares\\Third_Party\\FatFs\\src\\option\\syscall.c 0x00000000   Number         0  syscall.o ABSOLUTE
    ..\\Src\\fatfs.c                         0x00000000   Number         0  fatfs.o ABSOLUTE
    ..\\Src\\main.c                          0x00000000   Number         0  main.o ABSOLUTE
    ..\\Src\\stm32f0xx_hal_msp.c             0x00000000   Number         0  stm32f0xx_hal_msp.o ABSOLUTE
    ..\\Src\\stm32f0xx_it.c                  0x00000000   Number         0  stm32f0xx_it.o ABSOLUTE
    ..\\Src\\user_diskio.c                   0x00000000   Number         0  user_diskio.o ABSOLUTE
    dc.s                                     0x00000000   Number         0  dc.o ABSOLUTE
    handlers.s                               0x00000000   Number         0  handlers.o ABSOLUTE
    init.s                                   0x00000000   Number         0  init.o ABSOLUTE
    RESET                                    0x08000000   Section      180  startup_stm32f030x8.o(RESET)
    .ARM.Collect$$$$00000000                 0x080000b4   Section        0  entry.o(.ARM.Collect$$$$00000000)
    .ARM.Collect$$$$00000001                 0x080000b4   Section        4  entry2.o(.ARM.Collect$$$$00000001)
    .ARM.Collect$$$$00000004                 0x080000b8   Section        4  entry5.o(.ARM.Collect$$$$00000004)
    .ARM.Collect$$$$00000008                 0x080000bc   Section        0  entry7b.o(.ARM.Collect$$$$00000008)
    .ARM.Collect$$$$0000000A                 0x080000bc   Section        0  entry8b.o(.ARM.Collect$$$$0000000A)
    .ARM.Collect$$$$0000000B                 0x080000bc   Section        8  entry9a.o(.ARM.Collect$$$$0000000B)
    .ARM.Collect$$$$0000000D                 0x080000c4   Section        0  entry10a.o(.ARM.Collect$$$$0000000D)
    .ARM.Collect$$$$0000000F                 0x080000c4   Section        0  entry11a.o(.ARM.Collect$$$$0000000F)
    .ARM.Collect$$$$00002712                 0x080000c4   Section        4  entry2.o(.ARM.Collect$$$$00002712)
    __lit__00000000                          0x080000c4   Data           4  entry2.o(.ARM.Collect$$$$00002712)
    .text                                    0x080000c8   Section       28  startup_stm32f030x8.o(.text)
    .text                                    0x080000e4   Section        0  uidiv.o(.text)
    .text                                    0x08000110   Section        0  uread4.o(.text)
    .text                                    0x08000124   Section       36  init.o(.text)
    i.FATFS_LinkDriver                       0x08000148   Section        0  ff_gen_drv.o(i.FATFS_LinkDriver)
    i.FATFS_LinkDriverEx                     0x08000154   Section        0  ff_gen_drv.o(i.FATFS_LinkDriverEx)
    i.HAL_GPIO_Init                          0x08000194   Section        0  stm32f0xx_hal_gpio.o(i.HAL_GPIO_Init)
    i.HAL_GPIO_ReadPin                       0x080002dc   Section        0  stm32f0xx_hal_gpio.o(i.HAL_GPIO_ReadPin)
    i.HAL_GPIO_WritePin                      0x080002e6   Section        0  stm32f0xx_hal_gpio.o(i.HAL_GPIO_WritePin)
    i.HAL_GetTick                            0x080002f4   Section        0  stm32f0xx_hal.o(i.HAL_GetTick)
    i.HAL_IncTick                            0x08000300   Section        0  stm32f0xx_hal.o(i.HAL_IncTick)
    i.HAL_Init                               0x08000310   Section        0  stm32f0xx_hal.o(i.HAL_Init)
    i.HAL_InitTick                           0x08000330   Section        0  stm32f0xx_hal.o(i.HAL_InitTick)
    i.HAL_MspInit                            0x08000354   Section        0  stm32f0xx_hal_msp.o(i.HAL_MspInit)
    i.HAL_NVIC_SetPriority                   0x08000378   Section        0  stm32f0xx_hal_cortex.o(i.HAL_NVIC_SetPriority)
    i.HAL_RCC_ClockConfig                    0x08000380   Section        0  stm32f0xx_hal_rcc.o(i.HAL_RCC_ClockConfig)
    i.HAL_RCC_GetHCLKFreq                    0x0800051c   Section        0  stm32f0xx_hal_rcc.o(i.HAL_RCC_GetHCLKFreq)
    i.HAL_RCC_GetSysClockFreq                0x08000544   Section        0  stm32f0xx_hal_rcc.o(i.HAL_RCC_GetSysClockFreq)
    i.HAL_RCC_OscConfig                      0x080005bc   Section        0  stm32f0xx_hal_rcc.o(i.HAL_RCC_OscConfig)
    i.HAL_SPI_Init                           0x0800094c   Section        0  stm32f0xx_hal_spi.o(i.HAL_SPI_Init)
    i.HAL_SPI_MspInit                        0x08000a1c   Section        0  stm32f0xx_hal_msp.o(i.HAL_SPI_MspInit)
    i.HAL_SYSTICK_CLKSourceConfig            0x08000a64   Section        0  stm32f0xx_hal_cortex.o(i.HAL_SYSTICK_CLKSourceConfig)
    i.HAL_SYSTICK_Callback                   0x08000a7c   Section        0  stm32f0xx_hal_cortex.o(i.HAL_SYSTICK_Callback)
    i.HAL_SYSTICK_Config                     0x08000a80   Section        0  stm32f0xx_hal_cortex.o(i.HAL_SYSTICK_Config)
    i.HAL_SYSTICK_IRQHandler                 0x08000ab0   Section        0  stm32f0xx_hal_cortex.o(i.HAL_SYSTICK_IRQHandler)
    i.MX_FATFS_Init                          0x08000ab8   Section        0  fatfs.o(i.MX_FATFS_Init)
    i.MX_GPIO_Init                           0x08000ad4   Section        0  main.o(i.MX_GPIO_Init)
    MX_GPIO_Init                             0x08000ad5   Thumb Code   134  main.o(i.MX_GPIO_Init)
    i.MX_SPI1_Init                           0x08000b68   Section        0  main.o(i.MX_SPI1_Init)
    MX_SPI1_Init                             0x08000b69   Thumb Code    58  main.o(i.MX_SPI1_Init)
    i.NVIC_SetPriority                       0x08000bac   Section        0  stm32f0xx_hal_cortex.o(i.NVIC_SetPriority)
    NVIC_SetPriority                         0x08000bad   Thumb Code    60  stm32f0xx_hal_cortex.o(i.NVIC_SetPriority)
    i.SysTick_Handler                        0x08000bf0   Section        0  stm32f0xx_it.o(i.SysTick_Handler)
    i.SystemClock_Config                     0x08000bfc   Section        0  main.o(i.SystemClock_Config)
    i.SystemInit                             0x08000c4c   Section        0  system_stm32f0xx.o(i.SystemInit)
    i.USER_initialize                        0x08000ca8   Section        0  user_diskio.o(i.USER_initialize)
    i.USER_read                              0x08000cc0   Section        0  user_diskio.o(i.USER_read)
    i.USER_status                            0x08000cc4   Section        0  user_diskio.o(i.USER_status)
    i.__scatterload_copy                     0x08000cdc   Section       14  handlers.o(i.__scatterload_copy)
    i.__scatterload_null                     0x08000cea   Section        2  handlers.o(i.__scatterload_null)
    i.__scatterload_zeroinit                 0x08000cec   Section       14  handlers.o(i.__scatterload_zeroinit)
    i.check_fs                               0x08000cfc   Section        0  ff.o(i.check_fs)
    check_fs                                 0x08000cfd   Thumb Code   102  ff.o(i.check_fs)
    i.chk_chr                                0x08000d6c   Section        0  ff.o(i.chk_chr)
    chk_chr                                  0x08000d6d   Thumb Code    18  ff.o(i.chk_chr)
    i.chk_lock                               0x08000d80   Section        0  ff.o(i.chk_lock)
    chk_lock                                 0x08000d81   Thumb Code   102  ff.o(i.chk_lock)
    i.clear_lock                             0x08000dec   Section        0  ff.o(i.clear_lock)
    clear_lock                               0x08000ded   Thumb Code    28  ff.o(i.clear_lock)
    i.clmt_clust                             0x08000e0c   Section        0  ff.o(i.clmt_clust)
    clmt_clust                               0x08000e0d   Thumb Code    56  ff.o(i.clmt_clust)
    i.clust2sect                             0x08000e44   Section        0  ff.o(i.clust2sect)
    i.cmp_lfn                                0x08000e64   Section        0  ff.o(i.cmp_lfn)
    cmp_lfn                                  0x08000e65   Thumb Code   108  ff.o(i.cmp_lfn)
    i.create_chain                           0x08000ed8   Section        0  ff.o(i.create_chain)
    create_chain                             0x08000ed9   Thumb Code   174  ff.o(i.create_chain)
    i.create_name                            0x08000f8c   Section        0  ff.o(i.create_name)
    create_name                              0x08000f8d   Thumb Code   506  ff.o(i.create_name)
    i.dec_lock                               0x080011a0   Section        0  ff.o(i.dec_lock)
    dec_lock                                 0x080011a1   Thumb Code    56  ff.o(i.dec_lock)
    i.deselect                               0x080011dc   Section        0  diskio_1.o(i.deselect)
    deselect                                 0x080011dd   Thumb Code    22  diskio_1.o(i.deselect)
    i.dir_find                               0x080011f8   Section        0  ff.o(i.dir_find)
    dir_find                                 0x080011f9   Thumb Code   216  ff.o(i.dir_find)
    i.dir_next                               0x080012d0   Section        0  ff.o(i.dir_next)
    dir_next                                 0x080012d1   Thumb Code   264  ff.o(i.dir_next)
    i.dir_register                           0x080013dc   Section        0  ff.o(i.dir_register)
    dir_register                             0x080013dd   Thumb Code   350  ff.o(i.dir_register)
    i.dir_sdi                                0x0800153a   Section        0  ff.o(i.dir_sdi)
    dir_sdi                                  0x0800153b   Thumb Code   140  ff.o(i.dir_sdi)
    i.disk_initialize                        0x080015c8   Section        0  diskio_1.o(i.disk_initialize)
    i.disk_ioctl                             0x08001714   Section        0  diskio_1.o(i.disk_ioctl)
    i.disk_read                              0x080017c4   Section        0  diskio_1.o(i.disk_read)
    i.disk_status                            0x08001834   Section        0  diskio_1.o(i.disk_status)
    i.disk_write                             0x08001848   Section        0  diskio_1.o(i.disk_write)
    i.dly_us                                 0x080018e4   Section        0  diskio_1.o(i.dly_us)
    dly_us                                   0x080018e5   Thumb Code     6  diskio_1.o(i.dly_us)
    i.f_close                                0x080018ea   Section        0  ff.o(i.f_close)
    i.f_mount                                0x08001918   Section        0  ff.o(i.f_mount)
    i.f_open                                 0x08001978   Section        0  ff.o(i.f_open)
    i.f_sync                                 0x08001ba4   Section        0  ff.o(i.f_sync)
    i.f_write                                0x08001c4c   Section        0  ff.o(i.f_write)
    i.ff_convert                             0x08001e04   Section        0  ccsbcs.o(i.ff_convert)
    i.ff_memalloc                            0x08001e3c   Section        0  syscall.o(i.ff_memalloc)
    i.ff_memfree                             0x08001e44   Section        0  syscall.o(i.ff_memfree)
    i.ff_wtoupper                            0x08001e4c   Section        0  ccsbcs.o(i.ff_wtoupper)
    i.find_volume                            0x08001e70   Section        0  ff.o(i.find_volume)
    find_volume                              0x08001e71   Thumb Code   646  ff.o(i.find_volume)
    i.fit_lfn                                0x08002110   Section        0  ff.o(i.fit_lfn)
    fit_lfn                                  0x08002111   Thumb Code    92  ff.o(i.fit_lfn)
    i.follow_path                            0x08002174   Section        0  ff.o(i.follow_path)
    follow_path                              0x08002175   Thumb Code   128  ff.o(i.follow_path)
    i.free                                   0x080021f8   Section        0  malloc.o(i.free)
    i.gen_numname                            0x0800224c   Section        0  ff.o(i.gen_numname)
    gen_numname                              0x0800224d   Thumb Code   120  ff.o(i.gen_numname)
    i.get_fat                                0x080022c8   Section        0  ff.o(i.get_fat)
    i.get_fattime                            0x08002394   Section        0  fatfs.o(i.get_fattime)
    i.get_ldnumber                           0x08002398   Section        0  ff.o(i.get_ldnumber)
    get_ldnumber                             0x08002399   Thumb Code    60  ff.o(i.get_ldnumber)
    i.inc_lock                               0x080023d4   Section        0  ff.o(i.inc_lock)
    inc_lock                                 0x080023d5   Thumb Code   144  ff.o(i.inc_lock)
    i.ld_clust                               0x08002468   Section        0  ff.o(i.ld_clust)
    ld_clust                                 0x08002469   Thumb Code    36  ff.o(i.ld_clust)
    i.main                                   0x0800248c   Section        0  main.o(i.main)
    i.malloc                                 0x08002530   Section        0  malloc.o(i.malloc)
    i.mem_cpy                                0x0800259c   Section        0  ff.o(i.mem_cpy)
    mem_cpy                                  0x0800259d   Thumb Code    16  ff.o(i.mem_cpy)
    i.mem_set                                0x080025ac   Section        0  ff.o(i.mem_set)
    mem_set                                  0x080025ad   Thumb Code    14  ff.o(i.mem_set)
    i.move_window                            0x080025ba   Section        0  ff.o(i.move_window)
    move_window                              0x080025bb   Thumb Code    56  ff.o(i.move_window)
    i.put_fat                                0x080025f2   Section        0  ff.o(i.put_fat)
    i.rcvr_datablock                         0x080026f0   Section        0  diskio_1.o(i.rcvr_datablock)
    rcvr_datablock                           0x080026f1   Thumb Code    68  diskio_1.o(i.rcvr_datablock)
    i.rcvr_mmc                               0x08002734   Section        0  diskio_1.o(i.rcvr_mmc)
    rcvr_mmc                                 0x08002735   Thumb Code   332  diskio_1.o(i.rcvr_mmc)
    i.remove_chain                           0x08002884   Section        0  ff.o(i.remove_chain)
    remove_chain                             0x08002885   Thumb Code   102  ff.o(i.remove_chain)
    i.select                                 0x080028ec   Section        0  diskio_1.o(i.select)
    select                                   0x080028ed   Thumb Code    40  diskio_1.o(i.select)
    i.send_cmd                               0x08002918   Section        0  diskio_1.o(i.send_cmd)
    send_cmd                                 0x08002919   Thumb Code   144  diskio_1.o(i.send_cmd)
    i.st_clust                               0x080029a8   Section        0  ff.o(i.st_clust)
    st_clust                                 0x080029a9   Thumb Code    16  ff.o(i.st_clust)
    i.sum_sfn                                0x080029b8   Section        0  ff.o(i.sum_sfn)
    sum_sfn                                  0x080029b9   Thumb Code    26  ff.o(i.sum_sfn)
    i.sync_fs                                0x080029d2   Section        0  ff.o(i.sync_fs)
    sync_fs                                  0x080029d3   Thumb Code   148  ff.o(i.sync_fs)
    i.sync_window                            0x08002a66   Section        0  ff.o(i.sync_window)
    sync_window                              0x08002a67   Thumb Code    84  ff.o(i.sync_window)
    i.validate                               0x08002aba   Section        0  ff.o(i.validate)
    validate                                 0x08002abb   Thumb Code    52  ff.o(i.validate)
    i.wait_ready                             0x08002af0   Section        0  diskio_1.o(i.wait_ready)
    wait_ready                               0x08002af1   Thumb Code    44  diskio_1.o(i.wait_ready)
    i.xmit_datablock                         0x08002b20   Section        0  diskio_1.o(i.xmit_datablock)
    xmit_datablock                           0x08002b21   Thumb Code    74  diskio_1.o(i.xmit_datablock)
    i.xmit_mmc                               0x08002b6c   Section        0  diskio_1.o(i.xmit_mmc)
    xmit_mmc                                 0x08002b6d   Thumb Code   324  diskio_1.o(i.xmit_mmc)
    .constdata                               0x08002cb4   Section       16  stm32f0xx_hal_rcc.o(.constdata)
    .constdata                               0x08002cc4   Section     1216  ccsbcs.o(.constdata)
    Tbl                                      0x08002cc4   Data         256  ccsbcs.o(.constdata)
    tbl_lower                                0x08002dc4   Data         480  ccsbcs.o(.constdata)
    tbl_upper                                0x08002fa4   Data         480  ccsbcs.o(.constdata)
    .constdata                               0x08003184   Section      186  ff.o(.constdata)
    ExCvt                                    0x08003184   Data         128  ff.o(.constdata)
    LfnOfs                                   0x08003204   Data          13  ff.o(.constdata)
    vst                                      0x08003212   Data          22  ff.o(.constdata)
    cst                                      0x08003228   Data          22  ff.o(.constdata)
    .data                                    0x20000000   Section       20  system_stm32f0xx.o(.data)
    .data                                    0x20000014   Section        4  stm32f0xx_hal.o(.data)
    uwTick                                   0x20000014   Data           4  stm32f0xx_hal.o(.data)
    .data                                    0x20000018   Section        8  ff.o(.data)
    Fsid                                     0x2000001a   Data           2  ff.o(.data)
    FatFs                                    0x2000001c   Data           4  ff.o(.data)
    .data                                    0x20000020   Section        8  diskio_1.o(.data)
    Stat                                     0x20000020   Data           1  diskio_1.o(.data)
    CardType                                 0x20000021   Data           1  diskio_1.o(.data)
    .data                                    0x20000028   Section        5  fatfs.o(.data)
    .data                                    0x20000030   Section       12  main.o(.data)
    .data                                    0x2000003c   Section        1  user_diskio.o(.data)
    Stat                                     0x2000003c   Data           1  user_diskio.o(.data)
    .data                                    0x20000040   Section       12  user_diskio.o(.data)
    .data                                    0x2000004c   Section        4  mvars.o(.data)
    .data                                    0x20000050   Section        4  mvars.o(.data)
    .bss                                     0x20000054   Section       24  ff.o(.bss)
    Files                                    0x20000054   Data          24  ff.o(.bss)
    .bss                                     0x2000006c   Section       12  ff_gen_drv.o(.bss)
    .bss                                     0x20000078   Section     1216  main.o(.bss)
    HEAP                                     0x20000538   Section      512  startup_stm32f030x8.o(HEAP)
    STACK                                    0x20000738   Section     1024  startup_stm32f030x8.o(STACK)

    Global Symbols

    Symbol Name                              Value     Ov Type        Size  Object(Section)

    BuildAttributes$$THM_ISAv3M$S$PE$A:L22$X:L11$S22$IEEE1$IW$USESV6$~STKCKD$USESV7$~SHL$OSPACE$EBA8$MICROLIB$REQ8$PRES8$EABIv2 0x00000000   Number         0  anon$$obj.o ABSOLUTE
    __ARM_use_no_argv                        0x00000000   Number         0  main.o ABSOLUTE
    __cpp_initialize__aeabi_                  - Undefined Weak Reference
    __cxa_finalize                            - Undefined Weak Reference
    __decompress                              - Undefined Weak Reference
    _clock_init                               - Undefined Weak Reference
    _microlib_exit                            - Undefined Weak Reference
    __Vectors_Size                           0x000000b4   Number         0  startup_stm32f030x8.o ABSOLUTE
    __Vectors                                0x08000000   Data           4  startup_stm32f030x8.o(RESET)
    __Vectors_End                            0x080000b4   Data           0  startup_stm32f030x8.o(RESET)
    __main                                   0x080000b5   Thumb Code     0  entry.o(.ARM.Collect$$$$00000000)
    _main_stk                                0x080000b5   Thumb Code     0  entry2.o(.ARM.Collect$$$$00000001)
    _main_scatterload                        0x080000b9   Thumb Code     0  entry5.o(.ARM.Collect$$$$00000004)
    __main_after_scatterload                 0x080000bd   Thumb Code     0  entry5.o(.ARM.Collect$$$$00000004)
    _main_clock                              0x080000bd   Thumb Code     0  entry7b.o(.ARM.Collect$$$$00000008)
    _main_cpp_init                           0x080000bd   Thumb Code     0  entry8b.o(.ARM.Collect$$$$0000000A)
    _main_init                               0x080000bd   Thumb Code     0  entry9a.o(.ARM.Collect$$$$0000000B)
    __rt_final_cpp                           0x080000c5   Thumb Code     0  entry10a.o(.ARM.Collect$$$$0000000D)
    __rt_final_exit                          0x080000c5   Thumb Code     0  entry11a.o(.ARM.Collect$$$$0000000F)
    Reset_Handler                            0x080000c9   Thumb Code     8  startup_stm32f030x8.o(.text)
    NMI_Handler                              0x080000d1   Thumb Code     2  startup_stm32f030x8.o(.text)
    HardFault_Handler                        0x080000d3   Thumb Code     2  startup_stm32f030x8.o(.text)
    SVC_Handler                              0x080000d5   Thumb Code     2  startup_stm32f030x8.o(.text)
    PendSV_Handler                           0x080000d7   Thumb Code     2  startup_stm32f030x8.o(.text)
    ADC1_IRQHandler                          0x080000db   Thumb Code     0  startup_stm32f030x8.o(.text)
    DMA1_Channel1_IRQHandler                 0x080000db   Thumb Code     0  startup_stm32f030x8.o(.text)
    DMA1_Channel2_3_IRQHandler               0x080000db   Thumb Code     0  startup_stm32f030x8.o(.text)
    DMA1_Channel4_5_IRQHandler               0x080000db   Thumb Code     0  startup_stm32f030x8.o(.text)
    EXTI0_1_IRQHandler                       0x080000db   Thumb Code     0  startup_stm32f030x8.o(.text)
    EXTI2_3_IRQHandler                       0x080000db   Thumb Code     0  startup_stm32f030x8.o(.text)
    EXTI4_15_IRQHandler                      0x080000db   Thumb Code     0  startup_stm32f030x8.o(.text)
    FLASH_IRQHandler                         0x080000db   Thumb Code     0  startup_stm32f030x8.o(.text)
    I2C1_IRQHandler                          0x080000db   Thumb Code     0  startup_stm32f030x8.o(.text)
    I2C2_IRQHandler                          0x080000db   Thumb Code     0  startup_stm32f030x8.o(.text)
    RCC_IRQHandler                           0x080000db   Thumb Code     0  startup_stm32f030x8.o(.text)
    RTC_IRQHandler                           0x080000db   Thumb Code     0  startup_stm32f030x8.o(.text)
    SPI1_IRQHandler                          0x080000db   Thumb Code     0  startup_stm32f030x8.o(.text)
    SPI2_IRQHandler                          0x080000db   Thumb Code     0  startup_stm32f030x8.o(.text)
    TIM14_IRQHandler                         0x080000db   Thumb Code     0  startup_stm32f030x8.o(.text)
    TIM15_IRQHandler                         0x080000db   Thumb Code     0  startup_stm32f030x8.o(.text)
    TIM16_IRQHandler                         0x080000db   Thumb Code     0  startup_stm32f030x8.o(.text)
    TIM17_IRQHandler                         0x080000db   Thumb Code     0  startup_stm32f030x8.o(.text)
    TIM1_BRK_UP_TRG_COM_IRQHandler           0x080000db   Thumb Code     0  startup_stm32f030x8.o(.text)
    TIM1_CC_IRQHandler                       0x080000db   Thumb Code     0  startup_stm32f030x8.o(.text)
    TIM3_IRQHandler                          0x080000db   Thumb Code     0  startup_stm32f030x8.o(.text)
    USART1_IRQHandler                        0x080000db   Thumb Code     0  startup_stm32f030x8.o(.text)
    USART2_IRQHandler                        0x080000db   Thumb Code     0  startup_stm32f030x8.o(.text)
    WWDG_IRQHandler                          0x080000db   Thumb Code     0  startup_stm32f030x8.o(.text)
    __aeabi_uidiv                            0x080000e5   Thumb Code     0  uidiv.o(.text)
    __aeabi_uidivmod                         0x080000e5   Thumb Code    44  uidiv.o(.text)
    __aeabi_uread4                           0x08000111   Thumb Code    20  uread4.o(.text)
    __rt_uread4                              0x08000111   Thumb Code     0  uread4.o(.text)
    _uread4                                  0x08000111   Thumb Code     0  uread4.o(.text)
    __scatterload                            0x08000125   Thumb Code    28  init.o(.text)
    __scatterload_rt2                        0x08000125   Thumb Code     0  init.o(.text)
    FATFS_LinkDriver                         0x08000149   Thumb Code    10  ff_gen_drv.o(i.FATFS_LinkDriver)
    FATFS_LinkDriverEx                       0x08000155   Thumb Code    60  ff_gen_drv.o(i.FATFS_LinkDriverEx)
    HAL_GPIO_Init                            0x08000195   Thumb Code   302  stm32f0xx_hal_gpio.o(i.HAL_GPIO_Init)
    HAL_GPIO_ReadPin                         0x080002dd   Thumb Code    10  stm32f0xx_hal_gpio.o(i.HAL_GPIO_ReadPin)
    HAL_GPIO_WritePin                        0x080002e7   Thumb Code    12  stm32f0xx_hal_gpio.o(i.HAL_GPIO_WritePin)
    HAL_GetTick                              0x080002f5   Thumb Code     6  stm32f0xx_hal.o(i.HAL_GetTick)
    HAL_IncTick                              0x08000301   Thumb Code    10  stm32f0xx_hal.o(i.HAL_IncTick)
    HAL_Init                                 0x08000311   Thumb Code    26  stm32f0xx_hal.o(i.HAL_Init)
    HAL_InitTick                             0x08000331   Thumb Code    34  stm32f0xx_hal.o(i.HAL_InitTick)
    HAL_MspInit                              0x08000355   Thumb Code    30  stm32f0xx_hal_msp.o(i.HAL_MspInit)
    HAL_NVIC_SetPriority                     0x08000379   Thumb Code     8  stm32f0xx_hal_cortex.o(i.HAL_NVIC_SetPriority)
    HAL_RCC_ClockConfig                      0x08000381   Thumb Code   400  stm32f0xx_hal_rcc.o(i.HAL_RCC_ClockConfig)
    HAL_RCC_GetHCLKFreq                      0x0800051d   Thumb Code    26  stm32f0xx_hal_rcc.o(i.HAL_RCC_GetHCLKFreq)
    HAL_RCC_GetSysClockFreq                  0x08000545   Thumb Code    76  stm32f0xx_hal_rcc.o(i.HAL_RCC_GetSysClockFreq)
    HAL_RCC_OscConfig                        0x080005bd   Thumb Code   898  stm32f0xx_hal_rcc.o(i.HAL_RCC_OscConfig)
    HAL_SPI_Init                             0x0800094d   Thumb Code   204  stm32f0xx_hal_spi.o(i.HAL_SPI_Init)
    HAL_SPI_MspInit                          0x08000a1d   Thumb Code    62  stm32f0xx_hal_msp.o(i.HAL_SPI_MspInit)
    HAL_SYSTICK_CLKSourceConfig              0x08000a65   Thumb Code    20  stm32f0xx_hal_cortex.o(i.HAL_SYSTICK_CLKSourceConfig)
    HAL_SYSTICK_Callback                     0x08000a7d   Thumb Code     2  stm32f0xx_hal_cortex.o(i.HAL_SYSTICK_Callback)
    HAL_SYSTICK_Config                       0x08000a81   Thumb Code    38  stm32f0xx_hal_cortex.o(i.HAL_SYSTICK_Config)
    HAL_SYSTICK_IRQHandler                   0x08000ab1   Thumb Code     8  stm32f0xx_hal_cortex.o(i.HAL_SYSTICK_IRQHandler)
    MX_FATFS_Init                            0x08000ab9   Thumb Code    18  fatfs.o(i.MX_FATFS_Init)
    SysTick_Handler                          0x08000bf1   Thumb Code    12  stm32f0xx_it.o(i.SysTick_Handler)
    SystemClock_Config                       0x08000bfd   Thumb Code    80  main.o(i.SystemClock_Config)
    SystemInit                               0x08000c4d   Thumb Code    78  system_stm32f0xx.o(i.SystemInit)
    USER_initialize                          0x08000ca9   Thumb Code    18  user_diskio.o(i.USER_initialize)
    USER_read                                0x08000cc1   Thumb Code     4  user_diskio.o(i.USER_read)
    USER_status                              0x08000cc5   Thumb Code    18  user_diskio.o(i.USER_status)
    __scatterload_copy                       0x08000cdd   Thumb Code    14  handlers.o(i.__scatterload_copy)
    __scatterload_null                       0x08000ceb   Thumb Code     2  handlers.o(i.__scatterload_null)
    __scatterload_zeroinit                   0x08000ced   Thumb Code    14  handlers.o(i.__scatterload_zeroinit)
    clust2sect                               0x08000e45   Thumb Code    30  ff.o(i.clust2sect)
    disk_initialize                          0x080015c9   Thumb Code   320  diskio_1.o(i.disk_initialize)
    disk_ioctl                               0x08001715   Thumb Code   174  diskio_1.o(i.disk_ioctl)
    disk_read                                0x080017c5   Thumb Code   106  diskio_1.o(i.disk_read)
    disk_status                              0x08001835   Thumb Code    14  diskio_1.o(i.disk_status)
    disk_write                               0x08001849   Thumb Code   150  diskio_1.o(i.disk_write)
    f_close                                  0x080018eb   Thumb Code    44  ff.o(i.f_close)
    f_mount                                  0x08001919   Thumb Code    90  ff.o(i.f_mount)
    f_open                                   0x08001979   Thumb Code   546  ff.o(i.f_open)
    f_sync                                   0x08001ba5   Thumb Code   168  ff.o(i.f_sync)
    f_write                                  0x08001c4d   Thumb Code   434  ff.o(i.f_write)
    ff_convert                               0x08001e05   Thumb Code    52  ccsbcs.o(i.ff_convert)
    ff_memalloc                              0x08001e3d   Thumb Code     8  syscall.o(i.ff_memalloc)
    ff_memfree                               0x08001e45   Thumb Code     8  syscall.o(i.ff_memfree)
    ff_wtoupper                              0x08001e4d   Thumb Code    28  ccsbcs.o(i.ff_wtoupper)
    free                                     0x080021f9   Thumb Code    80  malloc.o(i.free)
    get_fat                                  0x080022c9   Thumb Code   204  ff.o(i.get_fat)
    get_fattime                              0x08002395   Thumb Code     4  fatfs.o(i.get_fattime)
    main                                     0x0800248d   Thumb Code   114  main.o(i.main)
    malloc                                   0x08002531   Thumb Code    92  malloc.o(i.malloc)
    put_fat                                  0x080025f3   Thumb Code   254  ff.o(i.put_fat)
    aAPBAHBPrescTable                        0x08002cb4   Data          16  stm32f0xx_hal_rcc.o(.constdata)
    Region$$Table$$Base                      0x08003240   Number         0  anon$$obj.o(Region$$Table)
    Region$$Table$$Limit                     0x08003260   Number         0  anon$$obj.o(Region$$Table)
    SystemCoreClock                          0x20000000   Data           4  system_stm32f0xx.o(.data)
    AHBPrescTable                            0x20000004   Data          16  system_stm32f0xx.o(.data)
    xyz                                      0x20000018   Data           1  ff.o(.data)
    temp_res                                 0x20000019   Data           1  ff.o(.data)
    ab                                       0x20000024   Data           4  diskio_1.o(.data)
    retUSER                                  0x20000028   Data           1  fatfs.o(.data)
    USER_Path                                0x20000029   Data           4  fatfs.o(.data)
    cntr                                     0x20000030   Data           1  main.o(.data)
    cntr1                                    0x20000031   Data           1  main.o(.data)
    cntr2                                    0x20000032   Data           1  main.o(.data)
    cntr3                                    0x20000033   Data           1  main.o(.data)
    cntr4                                    0x20000034   Data           1  main.o(.data)
    bw                                       0x20000038   Data           4  main.o(.data)
    USER_Driver                              0x20000040   Data          12  user_diskio.o(.data)
    __microlib_freelist                      0x2000004c   Data           4  mvars.o(.data)
    __microlib_freelist_initialised          0x20000050   Data           4  mvars.o(.data)
    disk                                     0x2000006c   Data          12  ff_gen_drv.o(.bss)
    hspi1                                    0x20000078   Data         100  main.o(.bss)
    FatFs                                    0x200000dc   Data         560  main.o(.bss)
    fp                                       0x2000030c   Data         556  main.o(.bss)
    __heap_base                              0x20000538   Data           0  startup_stm32f030x8.o(HEAP)
    __heap_limit                             0x20000738   Data           0  startup_stm32f030x8.o(HEAP)
    __initial_sp                             0x20000b38   Data           0  startup_stm32f030x8.o(STACK)



==============================================================================

Memory Map of the image

  Image Entry point : 0x080000b5

  Load Region LR_IROM1 (Base: 0x08000000, Size: 0x000032b4, Max: 0x00010000, ABSOLUTE)

    Execution Region ER_IROM1 (Base: 0x08000000, Size: 0x00003260, Max: 0x00010000, ABSOLUTE)

    Base Addr    Size         Type   Attr      Idx    E Section Name        Object

    0x08000000   0x000000b4   Data   RO         1945    RESET               startup_stm32f030x8.o
    0x080000b4   0x00000000   Code   RO         1950  * .ARM.Collect$$$$00000000  mc_p.l(entry.o)
    0x080000b4   0x00000004   Code   RO         1987    .ARM.Collect$$$$00000001  mc_p.l(entry2.o)
    0x080000b8   0x00000004   Code   RO         1990    .ARM.Collect$$$$00000004  mc_p.l(entry5.o)
    0x080000bc   0x00000000   Code   RO         1992    .ARM.Collect$$$$00000008  mc_p.l(entry7b.o)
    0x080000bc   0x00000000   Code   RO         1994    .ARM.Collect$$$$0000000A  mc_p.l(entry8b.o)
    0x080000bc   0x00000008   Code   RO         1995    .ARM.Collect$$$$0000000B  mc_p.l(entry9a.o)
    0x080000c4   0x00000000   Code   RO         1997    .ARM.Collect$$$$0000000D  mc_p.l(entry10a.o)
    0x080000c4   0x00000000   Code   RO         1999    .ARM.Collect$$$$0000000F  mc_p.l(entry11a.o)
    0x080000c4   0x00000004   Code   RO         1988    .ARM.Collect$$$$00002712  mc_p.l(entry2.o)
    0x080000c8   0x0000001c   Code   RO         1946    .text               startup_stm32f030x8.o
    0x080000e4   0x0000002c   Code   RO         1953    .text               mc_p.l(uidiv.o)
    0x08000110   0x00000014   Code   RO         1985    .text               mc_p.l(uread4.o)
    0x08000124   0x00000024   Code   RO         2007    .text               mc_p.l(init.o)
    0x08000148   0x0000000a   Code   RO         1610    i.FATFS_LinkDriver  ff_gen_drv.o
    0x08000152   0x00000002   PAD
    0x08000154   0x00000040   Code   RO         1611    i.FATFS_LinkDriverEx  ff_gen_drv.o
    0x08000194   0x00000148   Code   RO          960    i.HAL_GPIO_Init     stm32f0xx_hal_gpio.o
    0x080002dc   0x0000000a   Code   RO          962    i.HAL_GPIO_ReadPin  stm32f0xx_hal_gpio.o
    0x080002e6   0x0000000c   Code   RO          964    i.HAL_GPIO_WritePin  stm32f0xx_hal_gpio.o
    0x080002f2   0x00000002   PAD
    0x080002f4   0x0000000c   Code   RO         1074    i.HAL_GetTick       stm32f0xx_hal.o
    0x08000300   0x00000010   Code   RO         1075    i.HAL_IncTick       stm32f0xx_hal.o
    0x08000310   0x00000020   Code   RO         1076    i.HAL_Init          stm32f0xx_hal.o
    0x08000330   0x00000022   Code   RO         1077    i.HAL_InitTick      stm32f0xx_hal.o
    0x08000352   0x00000002   PAD
    0x08000354   0x00000024   Code   RO         1913    i.HAL_MspInit       stm32f0xx_hal_msp.o
    0x08000378   0x00000008   Code   RO          441    i.HAL_NVIC_SetPriority  stm32f0xx_hal_cortex.o
    0x08000380   0x0000019c   Code   RO          530    i.HAL_RCC_ClockConfig  stm32f0xx_hal_rcc.o
    0x0800051c   0x00000028   Code   RO          535    i.HAL_RCC_GetHCLKFreq  stm32f0xx_hal_rcc.o
    0x08000544   0x00000078   Code   RO          538    i.HAL_RCC_GetSysClockFreq  stm32f0xx_hal_rcc.o
    0x080005bc   0x00000390   Code   RO          541    i.HAL_RCC_OscConfig  stm32f0xx_hal_rcc.o
    0x0800094c   0x000000d0   Code   RO          143    i.HAL_SPI_Init      stm32f0xx_hal_spi.o
    0x08000a1c   0x00000048   Code   RO         1915    i.HAL_SPI_MspInit   stm32f0xx_hal_msp.o
    0x08000a64   0x00000018   Code   RO          443    i.HAL_SYSTICK_CLKSourceConfig  stm32f0xx_hal_cortex.o
    0x08000a7c   0x00000002   Code   RO          444    i.HAL_SYSTICK_Callback  stm32f0xx_hal_cortex.o
    0x08000a7e   0x00000002   PAD
    0x08000a80   0x00000030   Code   RO          445    i.HAL_SYSTICK_Config  stm32f0xx_hal_cortex.o
    0x08000ab0   0x00000008   Code   RO          446    i.HAL_SYSTICK_IRQHandler  stm32f0xx_hal_cortex.o
    0x08000ab8   0x0000001c   Code   RO         1751    i.MX_FATFS_Init     fatfs.o
    0x08000ad4   0x00000094   Code   RO         1787    i.MX_GPIO_Init      main.o
    0x08000b68   0x00000044   Code   RO         1788    i.MX_SPI1_Init      main.o
    0x08000bac   0x00000044   Code   RO          447    i.NVIC_SetPriority  stm32f0xx_hal_cortex.o
    0x08000bf0   0x0000000c   Code   RO         1890    i.SysTick_Handler   stm32f0xx_it.o
    0x08000bfc   0x00000050   Code   RO         1789    i.SystemClock_Config  main.o
    0x08000c4c   0x0000005c   Code   RO            4    i.SystemInit        system_stm32f0xx.o
    0x08000ca8   0x00000018   Code   RO         1847    i.USER_initialize   user_diskio.o
    0x08000cc0   0x00000004   Code   RO         1848    i.USER_read         user_diskio.o
    0x08000cc4   0x00000018   Code   RO         1849    i.USER_status       user_diskio.o
    0x08000cdc   0x0000000e   Code   RO         2011    i.__scatterload_copy  mc_p.l(handlers.o)
    0x08000cea   0x00000002   Code   RO         2012    i.__scatterload_null  mc_p.l(handlers.o)
    0x08000cec   0x0000000e   Code   RO         2013    i.__scatterload_zeroinit  mc_p.l(handlers.o)
    0x08000cfa   0x00000002   PAD
    0x08000cfc   0x00000070   Code   RO         1253    i.check_fs          ff.o
    0x08000d6c   0x00000012   Code   RO         1254    i.chk_chr           ff.o
    0x08000d7e   0x00000002   PAD
    0x08000d80   0x0000006c   Code   RO         1255    i.chk_lock          ff.o
    0x08000dec   0x00000020   Code   RO         1256    i.clear_lock        ff.o
    0x08000e0c   0x00000038   Code   RO         1257    i.clmt_clust        ff.o
    0x08000e44   0x0000001e   Code   RO         1258    i.clust2sect        ff.o
    0x08000e62   0x00000002   PAD
    0x08000e64   0x00000074   Code   RO         1259    i.cmp_lfn           ff.o
    0x08000ed8   0x000000b4   Code   RO         1260    i.create_chain      ff.o
    0x08000f8c   0x00000214   Code   RO         1261    i.create_name       ff.o
    0x080011a0   0x0000003c   Code   RO         1262    i.dec_lock          ff.o
    0x080011dc   0x0000001c   Code   RO         1659    i.deselect          diskio_1.o
    0x080011f8   0x000000d8   Code   RO         1263    i.dir_find          ff.o
    0x080012d0   0x0000010c   Code   RO         1264    i.dir_next          ff.o
    0x080013dc   0x0000015e   Code   RO         1266    i.dir_register      ff.o
    0x0800153a   0x0000008c   Code   RO         1268    i.dir_sdi           ff.o
    0x080015c6   0x00000002   PAD
    0x080015c8   0x0000014c   Code   RO         1660    i.disk_initialize   diskio_1.o
    0x08001714   0x000000ae   Code   RO         1661    i.disk_ioctl        diskio_1.o
    0x080017c2   0x00000002   PAD
    0x080017c4   0x00000070   Code   RO         1662    i.disk_read         diskio_1.o
    0x08001834   0x00000014   Code   RO         1663    i.disk_status       diskio_1.o
    0x08001848   0x0000009c   Code   RO         1664    i.disk_write        diskio_1.o
    0x080018e4   0x00000006   Code   RO         1665    i.dly_us            diskio_1.o
    0x080018ea   0x0000002c   Code   RO         1270    i.f_close           ff.o
    0x08001916   0x00000002   PAD
    0x08001918   0x00000060   Code   RO         1277    i.f_mount           ff.o
    0x08001978   0x0000022c   Code   RO         1278    i.f_open            ff.o
    0x08001ba4   0x000000a8   Code   RO         1287    i.f_sync            ff.o
    0x08001c4c   0x000001b8   Code   RO         1291    i.f_write           ff.o
    0x08001e04   0x00000038   Code   RO         1183    i.ff_convert        ccsbcs.o
    0x08001e3c   0x00000008   Code   RO         1220    i.ff_memalloc       syscall.o
    0x08001e44   0x00000008   Code   RO         1221    i.ff_memfree        syscall.o
    0x08001e4c   0x00000024   Code   RO         1184    i.ff_wtoupper       ccsbcs.o
    0x08001e70   0x000002a0   Code   RO         1292    i.find_volume       ff.o
    0x08002110   0x00000064   Code   RO         1293    i.fit_lfn           ff.o
    0x08002174   0x00000084   Code   RO         1294    i.follow_path       ff.o
    0x080021f8   0x00000054   Code   RO         1957    i.free              mc_p.l(malloc.o)
    0x0800224c   0x0000007c   Code   RO         1295    i.gen_numname       ff.o
    0x080022c8   0x000000cc   Code   RO         1296    i.get_fat           ff.o
    0x08002394   0x00000004   Code   RO         1752    i.get_fattime       fatfs.o
    0x08002398   0x0000003c   Code   RO         1298    i.get_ldnumber      ff.o
    0x080023d4   0x00000094   Code   RO         1299    i.inc_lock          ff.o
    0x08002468   0x00000024   Code   RO         1300    i.ld_clust          ff.o
    0x0800248c   0x000000a4   Code   RO         1791    i.main              main.o
    0x08002530   0x0000006c   Code   RO         1958    i.malloc            mc_p.l(malloc.o)
    0x0800259c   0x00000010   Code   RO         1301    i.mem_cpy           ff.o
    0x080025ac   0x0000000e   Code   RO         1302    i.mem_set           ff.o
    0x080025ba   0x00000038   Code   RO         1303    i.move_window       ff.o
    0x080025f2   0x000000fe   Code   RO         1304    i.put_fat           ff.o
    0x080026f0   0x00000044   Code   RO         1666    i.rcvr_datablock    diskio_1.o
    0x08002734   0x00000150   Code   RO         1667    i.rcvr_mmc          diskio_1.o
    0x08002884   0x00000066   Code   RO         1306    i.remove_chain      ff.o
    0x080028ea   0x00000002   PAD
    0x080028ec   0x0000002c   Code   RO         1668    i.select            diskio_1.o
    0x08002918   0x00000090   Code   RO         1669    i.send_cmd          diskio_1.o
    0x080029a8   0x00000010   Code   RO         1307    i.st_clust          ff.o
    0x080029b8   0x0000001a   Code   RO         1308    i.sum_sfn           ff.o
    0x080029d2   0x00000094   Code   RO         1309    i.sync_fs           ff.o
    0x08002a66   0x00000054   Code   RO         1310    i.sync_window       ff.o
    0x08002aba   0x00000034   Code   RO         1311    i.validate          ff.o
    0x08002aee   0x00000002   PAD
    0x08002af0   0x00000030   Code   RO         1670    i.wait_ready        diskio_1.o
    0x08002b20   0x0000004a   Code   RO         1671    i.xmit_datablock    diskio_1.o
    0x08002b6a   0x00000002   PAD
    0x08002b6c   0x00000148   Code   RO         1672    i.xmit_mmc          diskio_1.o
    0x08002cb4   0x00000010   Data   RO          542    .constdata          stm32f0xx_hal_rcc.o
    0x08002cc4   0x000004c0   Data   RO         1185    .constdata          ccsbcs.o
    0x08003184   0x000000ba   Data   RO         1313    .constdata          ff.o
    0x0800323e   0x00000002   PAD
    0x08003240   0x00000020   Data   RO         2009    Region$$Table       anon$$obj.o


    Execution Region RW_IRAM1 (Base: 0x20000000, Size: 0x00000b38, Max: 0x00002000, ABSOLUTE)

    Base Addr    Size         Type   Attr      Idx    E Section Name        Object

    0x20000000   0x00000014   Data   RW            5    .data               system_stm32f0xx.o
    0x20000014   0x00000004   Data   RW         1082    .data               stm32f0xx_hal.o
    0x20000018   0x00000008   Data   RW         1314    .data               ff.o
    0x20000020   0x00000008   Data   RW         1673    .data               diskio_1.o
    0x20000028   0x00000005   Data   RW         1753    .data               fatfs.o
    0x2000002d   0x00000003   PAD
    0x20000030   0x0000000c   Data   RW         1799    .data               main.o
    0x2000003c   0x00000001   Data   RW         1850    .data               user_diskio.o
    0x2000003d   0x00000003   PAD
    0x20000040   0x0000000c   Data   RW         1851    .data               user_diskio.o
    0x2000004c   0x00000004   Data   RW         2005    .data               mc_p.l(mvars.o)
    0x20000050   0x00000004   Data   RW         2006    .data               mc_p.l(mvars.o)
    0x20000054   0x00000018   Zero   RW         1312    .bss                ff.o
    0x2000006c   0x0000000c   Zero   RW         1614    .bss                ff_gen_drv.o
    0x20000078   0x000004c0   Zero   RW         1792    .bss                main.o
    0x20000538   0x00000200   Zero   RW         1944    HEAP                startup_stm32f030x8.o
    0x20000738   0x00000400   Zero   RW         1943    STACK               startup_stm32f030x8.o


==============================================================================

Image component sizes


      Code (inc. data)   RO Data    RW Data    ZI Data      Debug   Object Name

        92         12       1216          0          0       2475   ccsbcs.o
      1870         52          0          8          0      11515   diskio_1.o
        32         10          0          5          0       1346   fatfs.o
      5766        136        186          8         24      42549   ff.o
        74          4          0          0         12       2223   ff_gen_drv.o
       460         74          0         12       1216       3315   main.o
        28          8        180          0       1536        712   startup_stm32f030x8.o
        94         18          0          4          0       3010   stm32f0xx_hal.o
       158         22          0          0          0       9626   stm32f0xx_hal_cortex.o
       350         26          0          0          0       2915   stm32f0xx_hal_gpio.o
       108         16          0          0          0       1416   stm32f0xx_hal_msp.o
      1484         84         16          0          0       4798   stm32f0xx_hal_rcc.o
       208          4          0          0          0       1235   stm32f0xx_hal_spi.o
        12          0          0          0          0        442   stm32f0xx_it.o
        16          0          0          0          0       1095   syscall.o
        92         14          0         20          0     139509   system_stm32f0xx.o
        52         12          0         13          0       1966   user_diskio.o

    ----------------------------------------------------------------------
     10920        492       1632         76       2788     230147   Object Totals
         0          0         32          0          0          0   (incl. Generated)
        24          0          2          6          0          0   (incl. Padding)

    ----------------------------------------------------------------------

      Code (inc. data)   RO Data    RW Data    ZI Data      Debug   Library Member Name

         0          0          0          0          0          0   entry.o
         0          0          0          0          0          0   entry10a.o
         0          0          0          0          0          0   entry11a.o
         8          4          0          0          0          0   entry2.o
         4          0          0          0          0          0   entry5.o
         0          0          0          0          0          0   entry7b.o
         0          0          0          0          0          0   entry8b.o
         8          4          0          0          0          0   entry9a.o
        30          0          0          0          0          0   handlers.o
        36          8          0          0          0         68   init.o
       192         20          0          0          0        144   malloc.o
         0          0          0          8          0          0   mvars.o
        44          0          0          0          0         72   uidiv.o
        20          0          0          0          0         60   uread4.o

    ----------------------------------------------------------------------
       344         36          0          8          0        344   Library Totals
         2          0          0          0          0          0   (incl. Padding)

    ----------------------------------------------------------------------

      Code (inc. data)   RO Data    RW Data    ZI Data      Debug   Library Name

       342         36          0          8          0        344   mc_p.l

    ----------------------------------------------------------------------
       344         36          0          8          0        344   Library Totals

    ----------------------------------------------------------------------

==============================================================================


      Code (inc. data)   RO Data    RW Data    ZI Data      Debug   

     11264        528       1632         84       2788     226815   Grand Totals
     11264        528       1632         84       2788     226815   ELF Image Totals
     11264        528       1632         84          0          0   ROM Totals

==============================================================================

    Total RO  Size (Code + RO Data)                12896 (  12.59kB)
    Total RW  Size (RW Data + ZI Data)              2872 (   2.80kB)
    Total ROM Size (Code + RO Data + RW Data)      12980 (  12.68kB)

==============================================================================

