<html>
<body>
<pre>
<h1>µVision Build Log</h1>
<h2>Tool Versions:</h2>
IDE-Version: µVision V5.16a
Copyright (C) 2015 ARM Ltd and ARM Germany GmbH. All rights reserved.
License Information: ANKIT RAWAT, xxxxxx, LIC=----
 
Tool Versions:
Toolchain:       MDK-Lite  Version: 5.16a
Toolchain Path:  C:\Keil_v5\ARM\ARMCC\Bin
C Compiler:      Armcc.exe V5.06 (build 20)
Assembler:       Armasm.exe V5.06 (build 20)
Linker/Locator:  ArmLink.exe V5.06 (build 20)
Library Manager: ArmAr.exe V5.06 (build 20)
Hex Converter:   FromElf.exe V5.06 (build 20)
CPU DLL:         SARMCM3.DLL V5.16a
Dialog DLL:      DCM.DLL V1.13.2.0
Target DLL:      STLink\ST-LINKIII-KEIL_SWO.dll V2.0.17.0
Dialog DLL:      TCM.DLL V1.14.5.0
 
<h2>Project:</h2>
C:\Users\Ankit\Desktop\RTC_TEST\rtc_test\MDK-ARM\rtc_test.uvprojx
Project File Date:  06/09/2016

<h2>Output:</h2>
*** Using Compiler 'V5.06 (build 20)', folder: 'C:\Keil_v5\ARM\ARMCC\Bin'
Rebuild target 'rtc_test Configuration'
compiling stm32f0xx_hal_rcc_ex.c...
compiling stm32f0xx_hal_flash.c...
compiling stm32f0xx_hal_rtc_ex.c...
compiling stm32f0xx_hal_dma.c...
compiling stm32f0xx_hal_cortex.c...
compiling stm32f0xx_hal.c...
compiling stm32f0xx_hal_rcc.c...
compiling stm32f0xx_hal_gpio.c...
compiling stm32f0xx_hal_rtc.c...
compiling stm32f0xx_hal_flash_ex.c...
compiling stm32f0xx_hal_pwr.c...
assembling startup_stm32f030x8.s...
compiling stm32f0xx_hal_pwr_ex.c...
compiling stm32f0xx_it.c...
compiling main.c...
compiling stm32f0xx_hal_msp.c...
compiling system_stm32f0xx.c...
linking...
Program Size: Code=4228 RO-data=228 RW-data=36 ZI-data=1076  
"rtc_test Configuration\rtc_test Configuration.axf" - 0 Error(s), 0 Warning(s).

<h2>Collection of Component include folders:</h2>
  C:\Users\Ankit\Desktop\RTC_TEST\rtc_test\MDK-ARM\RTE
  C:\Keil_v5\ARM\PACK\Keil\STM32F0xx_DFP\1.4.0\Device\Include

<h2>Collection of Component Files used:</h2>
Build Time Elapsed:  00:00:44
</pre>
</body>
</html>
